Archive member included to satisfy reference by file (symbol)

../libc/libc.a(minimal__home_cristhianhendes_digital_2_Digital-2_calculadora_ws2812_build_colorlight_i5_software_include_.._picolibc_src_libc_string_strncpy.o)
                              complete.o (strncpy)
../libc/libc.a(minimal__home_cristhianhendes_digital_2_Digital-2_calculadora_ws2812_build_colorlight_i5_software_include_.._picolibc_src_libc_string_strncmp.o)
                              complete.o (strncmp)
../libc/libc.a(minimal__home_cristhianhendes_digital_2_Digital-2_calculadora_ws2812_build_colorlight_i5_software_include_.._picolibc_src_libc_stdio_fgetc.o)
                              readline.o (getc)
../libc/libc.a(minimal__home_cristhianhendes_digital_2_Digital-2_calculadora_ws2812_build_colorlight_i5_software_include_.._picolibc_src_libc_stdio_fputc.o)
                              helpers.o (fputc)
../libc/libc.a(minimal__home_cristhianhendes_digital_2_Digital-2_calculadora_ws2812_build_colorlight_i5_software_include_.._picolibc_src_libc_stdio_fputs.o)
                              helpers.o (fputs)
../libc/libc.a(minimal__home_cristhianhendes_digital_2_Digital-2_calculadora_ws2812_build_colorlight_i5_software_include_.._picolibc_src_libc_stdio_printf.o)
                              boot.o (printf)
../libc/libc.a(minimal__home_cristhianhendes_digital_2_Digital-2_calculadora_ws2812_build_colorlight_i5_software_include_.._picolibc_src_libc_stdio_puts.o)
                              cmd_bios.o (puts)
../libc/libc.a(minimal__home_cristhianhendes_digital_2_Digital-2_calculadora_ws2812_build_colorlight_i5_software_include_.._picolibc_src_libc_stdio_strtoul.o)
                              cmd_bios.o (strtoul)
../libc/libc.a(minimal__home_cristhianhendes_digital_2_Digital-2_calculadora_ws2812_build_colorlight_i5_software_include_.._picolibc_src_libc_machine_riscv_memcpy-asm.o)
                              boot.o (memcpy)
../libc/libc.a(minimal__home_cristhianhendes_digital_2_Digital-2_calculadora_ws2812_build_colorlight_i5_software_include_.._picolibc_src_libc_machine_riscv_memmove.o)
                              readline.o (memmove)
../libc/libc.a(minimal__home_cristhianhendes_digital_2_Digital-2_calculadora_ws2812_build_colorlight_i5_software_include_.._picolibc_src_libc_machine_riscv_strcmp.o)
                              helpers.o (strcmp)
../libc/libc.a(minimal__home_cristhianhendes_digital_2_Digital-2_calculadora_ws2812_build_colorlight_i5_software_include_.._picolibc_src_libc_machine_riscv_strlen.o)
                              helpers.o (strlen)
../libc/libc.a(minimal__home_cristhianhendes_digital_2_Digital-2_calculadora_ws2812_build_colorlight_i5_software_include_.._picolibc_src_libc_stdio_vfiprintf.o)
                              ../libc/libc.a(minimal__home_cristhianhendes_digital_2_Digital-2_calculadora_ws2812_build_colorlight_i5_software_include_.._picolibc_src_libc_stdio_printf.o) (vfprintf)
../libc/libc.a(_libc_minimal.a)
                              readline.o (stdin)
../libc/libc.a(minimal__home_cristhianhendes_digital_2_Digital-2_calculadora_ws2812_build_colorlight_i5_software_include_.._picolibc_src_libc_errno_errno.o)
                              ../libc/libc.a(minimal__home_cristhianhendes_digital_2_Digital-2_calculadora_ws2812_build_colorlight_i5_software_include_.._picolibc_src_libc_stdio_strtoul.o) (errno)
../libc/libc.a(minimal__home_cristhianhendes_digital_2_Digital-2_calculadora_ws2812_build_colorlight_i5_software_include_.._picolibc_src_libc_string_strnlen.o)
                              ../libc/libc.a(minimal__home_cristhianhendes_digital_2_Digital-2_calculadora_ws2812_build_colorlight_i5_software_include_.._picolibc_src_libc_stdio_vfiprintf.o) (strnlen)
../libbase/libbase.a(crc16.o)
                              boot.o (crc16)
../libbase/libbase.a(crc32.o)
                              helpers.o (crc32)
../libbase/libbase.a(format.o)
                              main.o (litex_print_size)
../libbase/libbase.a(system.o)
                              boot.o (flush_l2_cache)
../libbase/libbase.a(progress.o)
                              cmd_spiflash.o (show_progress)
../libbase/libbase.a(memtest.o)
                              cmd_mem.o (memspeed)
../libbase/libbase.a(uart.o)  boot.o (uart_read)
../libbase/libbase.a(isr.o)   crt0.o (isr)
../libfatfs/libfatfs.a(ff.o)  cmd_spiflash.o (f_mount)
../libfatfs/libfatfs.a(ffunicode.o)
                              ../libfatfs/libfatfs.a(ff.o) (ff_uni2oem)
../liblitespi/liblitespi.a(spiflash.o)
                              cmd_spiflash.o (spiflash_erase_range)
../liblitedram/liblitedram.a(sdram.o)
                              main.o (sdram_get_databits)
../liblitedram/liblitedram.a(utils.o)
                              main.o (sdram_get_supported_memory)
../libc/libc.a(minimal__home_cristhianhendes_digital_2_Digital-2_calculadora_ws2812_build_colorlight_i5_software_include_.._picolibc_src_libc_stdlib_lldiv.o)
[...]
Memory Configuration

Name             Origin             Length             Attributes
rom              0x00000000         0x00020000
sram             0x10000000         0x00002000
spiflash         0x00800000         0x00800000
main_ram         0x40000000         0x00800000
csr              0xf0000000         0x00010000
*default*        0x00000000         0xffffffff

Linker script and memory map

LOAD boot-helper.o
LOAD boot.o
LOAD helpers.o
LOAD cmd_bios.o
LOAD cmd_mem.o
LOAD cmd_boot.o
LOAD cmd_i2c.o
LOAD cmd_spiflash.o
LOAD cmd_litedram.o
LOAD cmd_liteeth.o
LOAD cmd_litesdcard.o
LOAD cmd_litesata.o
LOAD sim_debug.o
LOAD main.o
LOAD crt0.o
LOAD complete.o
LOAD readline.o
START GROUP
LOAD ../libc/libc.a
LOAD ../libcompiler_rt/libcompiler_rt.a
LOAD ../libbase/libbase.a
LOAD ../libfatfs/libfatfs.a
LOAD ../liblitespi/liblitespi.a
LOAD ../liblitedram/liblitedram.a
LOAD ../libliteeth/libliteeth.a
LOAD ../liblitesdcard/liblitesdcard.a
LOAD ../liblitesata/liblitesata.a
END GROUP

.text           0x00000000     0x6388
                0x00000000                        _ftext = .
 *(.isr_vector)
 *crt0*(.text)
 .text          0x00000000      0x128 crt0.o
                0x00000000                _start
                0x00000020                trap_entry
 *crt0*(.text)
 *(.text.isr)
 .text.isr      0x00000128       0xa4 ../libbase/libbase.a(isr.o)
                0x00000128                isr
 *(.text .stub .text.* .gnu.linkonce.t.*)
 .text          0x000001cc        0x4 boot-helper.o
                0x000001cc                boot_helper
 .text.serialboot_fail
                0x000001d0       0x40 boot.o
 .text.timer0_load.constprop.0
                0x00000210       0x34 boot.o
 .text.boot     0x00000244       0x84 boot.o
                0x00000244                boot
 .text.serialboot
                0x000002c8      0x328 boot.o
                0x000002c8                serialboot
 .text.bios_print_section
                0x000005f0       0xc4 helpers.o
                0x000005f0                bios_print_section
 .text.dump_bytes
                0x000006b4      0x184 helpers.o
                0x000006b4                dump_bytes
 .text.crcbios  0x00000838       0x74 helpers.o
                0x00000838                crcbios
 .text.get_param
                0x000008ac       0xb0 helpers.o
                0x000008ac                get_param
 .text.command_dispatcher
                0x0000095c       0x98 helpers.o
                0x0000095c                command_dispatcher
 .text.init_dispatcher
                0x000009f4       0x48 helpers.o
                0x000009f4                init_dispatcher
 .text.flush_cpu_dcache
                0x00000a3c        0x8 cmd_bios.o
 .text.help_handler
                0x00000a44       0xcc cmd_bios.o
 .text.ident_handler
                0x00000b10       0x5c cmd_bios.o
 .text.leds_handler
                0x00000b6c       0x78 cmd_bios.o
 .text.crc_handler
                0x00000be4       0xbc cmd_bios.o
 .text.mem_list_handler
                0x00000ca0       0x28 cmd_mem.o
 .text.mem_write_handler
                0x00000cc8      0x164 cmd_mem.o
 .text.mem_copy_handler
                0x00000e2c      0x104 cmd_mem.o
 .text.mem_cmp_handler
                0x00000f30      0x134 cmd_mem.o
 .text.mem_read_handler
                0x00001064       0xb8 cmd_mem.o
 .text.mem_test_handler
                0x0000111c       0xb4 cmd_mem.o
 .text.mem_speed_handler
                0x000011d0      0x138 cmd_mem.o
 .text.reboot_handler
                0x00001308       0x10 cmd_boot.o
 .text.boot_handler
                0x00001318      0x140 cmd_boot.o
 .text.flash_write_handler
                0x00001458       0xf0 cmd_spiflash.o
 .text.flash_from_sdcard_handler
                0x00001548      0x124 cmd_spiflash.o
 .text.flash_erase_range_handler
                0x0000166c       0xa0 cmd_spiflash.o
 .text.sdram_test_handler
                0x0000170c        0xc cmd_litedram.o
 .text.sdram_mr_write_handler
                0x00001718       0xc8 cmd_litedram.o
 .text.serial_boot_method
                0x000017e0        0x4 main.o
 .text.startup.main
                0x000017e4      0x3d4 main.o
                0x000017e4                main
 .text.complete
                0x00001bb8      0x2dc complete.o
                0x00001bb8                complete
 .text.cread_add_char
                0x00001e94      0x138 readline.o
 .text.hist_init
                0x00001fcc       0x40 readline.o
                0x00001fcc                hist_init
 .text.readline
                0x0000200c      0x7a0 readline.o
                0x0000200c                readline
 .text.strncpy  0x000027ac       0x38 ../libc/libc.a(minimal__home_cristhianhendes_digital_2_Digital-2_calculadora_ws2812_build_colorlight_i5_software_include_.._picolibc_src_libc_string_strncpy.o)
                0x000027ac                strncpy
 .text.strncmp  0x000027e4       0x3c ../libc/libc.a(minimal__home_cristhianhendes_digital_2_Digital-2_calculadora_ws2812_build_colorlight_i5_software_include_.._picolibc_src_libc_string_strncmp.o)
                0x000027e4                strncmp
 .text.getc     0x00002820       0x7c ../libc/libc.a(minimal__home_cristhianhendes_digital_2_Digital-2_calculadora_ws2812_build_colorlight_i5_software_include_.._picolibc_src_libc_stdio_fgetc.o)
                0x00002820                getc_unlocked
                0x00002820                getc
                0x00002820                fgetc
 .text.putc     0x0000289c       0x60 ../libc/libc.a(minimal__home_cristhianhendes_digital_2_Digital-2_calculadora_ws2812_build_colorlight_i5_software_include_.._picolibc_src_libc_stdio_fputc.o)
                0x0000289c                putc_unlocked
                0x0000289c                putc
                0x0000289c                fputc
 .text.fputs    0x000028fc       0x74 ../libc/libc.a(minimal__home_cristhianhendes_digital_2_Digital-2_calculadora_ws2812_build_colorlight_i5_software_include_.._picolibc_src_libc_stdio_fputs.o)
                0x000028fc                fputs
 .text.printf   0x00002970       0x48 ../libc/libc.a(minimal__home_cristhianhendes_digital_2_Digital-2_calculadora_ws2812_build_colorlight_i5_software_include_.._picolibc_src_libc_stdio_printf.o)
                0x00002970                printf
 .text.puts     0x000029b8       0x84 ../libc/libc.a(minimal__home_cristhianhendes_digital_2_Digital-2_calculadora_ws2812_build_colorlight_i5_software_include_.._picolibc_src_libc_stdio_puts.o)
                0x000029b8                puts
 .text.strtoul  0x00002a3c      0x150 ../libc/libc.a(minimal__home_cristhianhendes_digital_2_Digital-2_calculadora_ws2812_build_colorlight_i5_software_include_.._picolibc_src_libc_stdio_strtoul.o)
                0x00002a3c                strtoul
 .text.memcpy   0x00002b8c       0x24 ../libc/libc.a(minimal__home_cristhianhendes_digital_2_Digital-2_calculadora_ws2812_build_colorlight_i5_software_include_.._picolibc_src_libc_machine_riscv_memcpy-asm.o)
                0x00002b8c                memcpy
 .text.memmove  0x00002bb0       0x38 ../libc/libc.a(minimal__home_cristhianhendes_digital_2_Digital-2_calculadora_ws2812_build_colorlight_i5_software_include_.._picolibc_src_libc_machine_riscv_memmove.o)
                0x00002bb0                memmove
 .text.strcmp   0x00002be8       0x20 ../libc/libc.a(minimal__home_cristhianhendes_digital_2_Digital-2_calculadora_ws2812_build_colorlight_i5_software_include_.._picolibc_src_libc_machine_riscv_strcmp.o)
                0x00002be8                strcmp
 .text.strlen   0x00002c08       0x1c ../libc/libc.a(minimal__home_cristhianhendes_digital_2_Digital-2_calculadora_ws2812_build_colorlight_i5_software_include_.._picolibc_src_libc_machine_riscv_strlen.o)
                0x00002c08                strlen
 .text.__ultoa_invert
                0x00002c24       0x4c ../libc/libc.a(minimal__home_cristhianhendes_digital_2_Digital-2_calculadora_ws2812_build_colorlight_i5_software_include_.._picolibc_src_libc_stdio_vfiprintf.o)
 .text.vfprintf
                0x00002c70      0x664 ../libc/libc.a(minimal__home_cristhianhendes_digital_2_Digital-2_calculadora_ws2812_build_colorlight_i5_software_include_.._picolibc_src_libc_stdio_vfiprintf.o)
                0x00002c70                __i_vfprintf
                0x00002c70                vfprintf
 .text.litex_getc
                0x000032d4       0x20 ../libc/libc.a(_libc_minimal.a)
 .text.litex_putc
                0x000032f4       0x3c ../libc/libc.a(_libc_minimal.a)
 .text.strnlen  0x00003330       0x24 ../libc/libc.a(minimal__home_cristhianhendes_digital_2_Digital-2_calculadora_ws2812_build_colorlight_i5_software_include_.._picolibc_src_libc_string_strnlen.o)
                0x00003330                strnlen
 .text.crc16    0x00003354       0x50 ../libbase/libbase.a(crc16.o)
                0x00003354                crc16
 .text.crc32    0x000033a4      0x174 ../libbase/libbase.a(crc32.o)
                0x000033a4                crc32
 .text.litex_print_size
                0x00003518      0x160 ../libbase/libbase.a(format.o)
                0x00003518                litex_print_size
 .text.flush_l2_cache
                0x00003678       0x18 ../libbase/libbase.a(system.o)
                0x00003678                flush_l2_cache
 .text.show_progress
                0x00003690      0x114 ../libbase/libbase.a(progress.o)
                0x00003690                show_progress
 .text.init_progression_bar
                0x000037a4       0x44 ../libbase/libbase.a(progress.o)
                0x000037a4                init_progression_bar
 .text.print_progress
                0x000037e8       0x4c ../libbase/libbase.a(memtest.o)
 .text.seed_to_data_32
                0x00003834       0x2c ../libbase/libbase.a(memtest.o)
 .text.memtest_access
                0x00003860       0x6c ../libbase/libbase.a(memtest.o)
                0x00003860                memtest_access
 .text.memtest_bus
                0x000038cc       0xe8 ../libbase/libbase.a(memtest.o)
                0x000038cc                memtest_bus
 .text.memtest_data
                0x000039b4      0x1bc ../libbase/libbase.a(memtest.o)
                0x000039b4                memtest_data
 .text.memspeed
                0x00003b70      0x274 ../libbase/libbase.a(memtest.o)
                0x00003b70                memspeed
 .text.memtest  0x00003de4      0x124 ../libbase/libbase.a(memtest.o)
                0x00003de4                memtest
 .text.uart_isr
                0x00003f08       0xf4 ../libbase/libbase.a(uart.o)
                0x00003f08                uart_isr
 .text.uart_read
                0x00003ffc       0x50 ../libbase/libbase.a(uart.o)
                0x00003ffc                uart_read
 .text.uart_read_nonblock
                0x0000404c       0x1c ../libbase/libbase.a(uart.o)
                0x0000404c                uart_read_nonblock
 .text.uart_write
                0x00004068       0x8c ../libbase/libbase.a(uart.o)
                0x00004068                uart_write
 .text.uart_init
                0x000040f4       0x78 ../libbase/libbase.a(uart.o)
                0x000040f4                uart_init
 .text.uart_sync
                0x0000416c       0x18 ../libbase/libbase.a(uart.o)
                0x0000416c                uart_sync
 .text.irq_attach
                0x00004184       0x64 ../libbase/libbase.a(isr.o)
                0x00004184                irq_attach
 .text.ld_dword
                0x000041e8       0x2c ../libfatfs/libfatfs.a(ff.o)
 .text.mem_cmp  0x00004214       0x28 ../libfatfs/libfatfs.a(ff.o)
 .text.clst2sect
                0x0000423c       0x2c ../libfatfs/libfatfs.a(ff.o)
 .text.get_ldnumber
                0x00004268       0x54 ../libfatfs/libfatfs.a(ff.o)
 .text.validate
                0x000042bc       0x7c ../libfatfs/libfatfs.a(ff.o)
 .text.move_window
                0x00004338       0x6c ../libfatfs/libfatfs.a(ff.o)
 .text.check_fs
                0x000043a4       0xc0 ../libfatfs/libfatfs.a(ff.o)
 .text.mount_volume.isra.0
                0x00004464      0x31c ../libfatfs/libfatfs.a(ff.o)
 .text.ld_clust.isra.0
                0x00004780       0x38 ../libfatfs/libfatfs.a(ff.o)
 .text.get_fat.isra.0
                0x000047b8      0x150 ../libfatfs/libfatfs.a(ff.o)
 .text.dir_sdi.constprop.0
                0x00004908      0x108 ../libfatfs/libfatfs.a(ff.o)
 .text.dir_next.constprop.0
                0x00004a10       0xec ../libfatfs/libfatfs.a(ff.o)
 .text.follow_path
                0x00004afc      0x6bc ../libfatfs/libfatfs.a(ff.o)
 .text.f_mount  0x000051b8       0x88 ../libfatfs/libfatfs.a(ff.o)
                0x000051b8                f_mount
 .text.f_open   0x00005240       0xec ../libfatfs/libfatfs.a(ff.o)
                0x00005240                f_open
 .text.f_read   0x0000532c      0x208 ../libfatfs/libfatfs.a(ff.o)
                0x0000532c                f_read
 .text.f_close  0x00005534       0x30 ../libfatfs/libfatfs.a(ff.o)
                0x00005534                f_close
 .text.ff_uni2oem
                0x00005564       0x64 ../libfatfs/libfatfs.a(ffunicode.o)
                0x00005564                ff_uni2oem
 .text.ff_oem2uni
                0x000055c8       0x38 ../libfatfs/libfatfs.a(ffunicode.o)
                0x000055c8                ff_oem2uni
 .text.ff_wtoupper
                0x00005600       0xf0 ../libfatfs/libfatfs.a(ffunicode.o)
                0x00005600                ff_wtoupper
 .text.transfer_cmd.constprop.0
                0x000056f0       0x84 ../liblitespi/liblitespi.a(spiflash.o)
 .text.spiflash_freq_init
                0x00005774       0xf0 ../liblitespi/liblitespi.a(spiflash.o)
                0x00005774                spiflash_freq_init
 .text.spiflash_erase_range
                0x00005864      0x17c ../liblitespi/liblitespi.a(spiflash.o)
                0x00005864                spiflash_erase_range
 .text.spiflash_write_stream
                0x000059e0      0x188 ../liblitespi/liblitespi.a(spiflash.o)
                0x000059e0                spiflash_write_stream
 .text.spiflash_memspeed
                0x00005b68       0x38 ../liblitespi/liblitespi.a(spiflash.o)
                0x00005b68                spiflash_memspeed
 .text.spiflash_init
                0x00005ba0       0x58 ../liblitespi/liblitespi.a(spiflash.o)
                0x00005ba0                spiflash_init
 .text.cdelay   0x00005bf8       0x10 ../liblitedram/liblitedram.a(sdram.o)
 .text.sdram_get_databits
                0x00005c08        0x8 ../liblitedram/liblitedram.a(sdram.o)
                0x00005c08                sdram_get_databits
 .text.sdram_get_freq
                0x00005c10        0xc ../liblitedram/liblitedram.a(sdram.o)
                0x00005c10                sdram_get_freq
 .text.sdram_get_cl
                0x00005c1c        0x8 ../liblitedram/liblitedram.a(sdram.o)
                0x00005c1c                sdram_get_cl
 .text.sdram_get_cwl
                0x00005c24        0x8 ../liblitedram/liblitedram.a(sdram.o)
                0x00005c24                sdram_get_cwl
 .text.sdram_software_control_on
                0x00005c2c       0x24 ../liblitedram/liblitedram.a(sdram.o)
                0x00005c2c                sdram_software_control_on
 .text.sdram_software_control_off
                0x00005c50       0x24 ../liblitedram/liblitedram.a(sdram.o)
                0x00005c50                sdram_software_control_off
 .text.sdram_mode_register_write
                0x00005c74       0x2c ../liblitedram/liblitedram.a(sdram.o)
                0x00005c74                sdram_mode_register_write
 .text.sdram_init
                0x00005ca0      0x160 ../liblitedram/liblitedram.a(sdram.o)
                0x00005ca0                sdram_init
 .text.sdram_get_supported_memory
                0x00005e00        0xc ../liblitedram/liblitedram.a(utils.o)
                0x00005e00                sdram_get_supported_memory
 .text.lldiv    0x00005e0c       0x7c ../libc/libc.a(minimal__home_cristhianhendes_digital_2_Digital-2_calculadora_ws2812_build_colorlight_i5_software_include_.._picolibc_src_libc_stdlib_lldiv.o)
                0x00005e0c                lldiv
 .text.__divdi3
                0x00005e88       0x78 ../libcompiler_rt/libcompiler_rt.a(divdi3.o)
                0x00005e88                __divdi3
 .text.__udivmoddi4
                0x00005f00      0x300 ../libcompiler_rt/libcompiler_rt.a(udivmoddi4.o)
                0x00005f00                __udivmoddi4
 .text.__clzsi2
                0x00006200       0x90 ../libcompiler_rt/libcompiler_rt.a(clzsi2.o)
                0x00006200                __clzsi2
 .text.__ctzsi2
                0x00006290       0x74 ../libcompiler_rt/libcompiler_rt.a(ctzsi2.o)
                0x00006290                __ctzsi2
 .text.__udivdi3
                0x00006304        0x8 ../libcompiler_rt/libcompiler_rt.a(udivdi3.o)
                0x00006304                __udivdi3
 .text.__moddi3
                0x0000630c       0x7c ../libcompiler_rt/libcompiler_rt.a(moddi3.o)
                0x0000630c                __moddi3
                0x00006388                        _etext = .

.rodata         0x00006388     0x1f90
                0x00006388                        . = ALIGN (0x8)
                0x00006388                        _frodata = .
 *(.rodata .rodata.* .gnu.linkonce.r.*)
 .rodata.serialboot_fail.str1.4
                0x00006388     0x117c boot.o
                                 0x27 (size before relaxing)
 .rodata.boot.str1.4
                0x00007504       0x31 boot.o
 .rodata.serialboot.str1.4
                0x00007504       0x9b boot.o
 .rodata.str.0  0x00007504        0xe boot.o
 *fill*         0x00007512        0x2 
 .rodata.str.1  0x00007514        0xf boot.o
 .rodata.bios_print_section.str1.4
                0x00007523       0x18 helpers.o
 .rodata.dump_bytes.str1.4
                0x00007523       0x36 helpers.o
 .rodata.crcbios.str1.4
                0x00007523       0x79 helpers.o
 .rodata.help_handler.str1.4
                0x00007523       0x36 cmd_bios.o
 .rodata.ident_handler.str1.4
                0x00007523        0xb cmd_bios.o
 .rodata.leds_handler.str1.4
                0x00007523       0x3e cmd_bios.o
 .rodata.crc_handler.str1.4
                0x00007523       0x55 cmd_bios.o
 .rodata.str1.4
                0x00007523       0xd4 cmd_bios.o
 .rodata.mem_list_handler.str1.4
                0x00007523      0x10a cmd_mem.o
 .rodata.mem_write_handler.str1.4
                0x00007523       0x89 cmd_mem.o
 .rodata.mem_copy_handler.str1.4
                0x00007523       0x63 cmd_mem.o
 .rodata.mem_cmp_handler.str1.4
                0x00007523       0xfa cmd_mem.o
 .rodata.mem_read_handler.str1.4
                0x00007523       0x37 cmd_mem.o
 .rodata.mem_test_handler.str1.4
                0x00007523       0x1b cmd_mem.o
 .rodata.mem_speed_handler.str1.4
                0x00007523       0x6d cmd_mem.o
 .rodata.str1.4
                0x00007523       0xea cmd_mem.o
 .rodata.boot_handler.str1.4
                0x00007523       0x73 cmd_boot.o
 .rodata.str1.4
                0x00007523       0x4d cmd_boot.o
 .rodata.flash_write_handler.str1.4
                0x00007523       0x76 cmd_spiflash.o
 .rodata.flash_from_sdcard_handler.str1.4
                0x00007523       0x7e cmd_spiflash.o
 .rodata.flash_erase_range_handler.str1.4
                0x00007523       0x24 cmd_spiflash.o
 .rodata.str1.4
                0x00007523       0x7b cmd_spiflash.o
 .rodata.sdram_mr_write_handler.str1.4
                0x00007523       0x64 cmd_litedram.o
 .rodata.str1.4
                0x00007523       0x76 cmd_litedram.o
 .rodata.main.str1.4
                0x00007523      0x303 main.o
 .rodata.str1.4
                0x00007523        0x7 main.o
 *fill*         0x00007523        0x1 
 .rodata.s_boot_serial
                0x00007524        0xc main.o
 .rodata.complete.str1.4
                0x00007530       0x11 complete.o
 .rodata.cread_add_char.str1.4
                0x00007530        0x5 readline.o
 .rodata.readline.str1.4
                0x00007530       0x1d readline.o
 .rodata.readline
                0x00007530       0x60 readline.o
 .rodata.str1.4
                0x00007590       0x48 readline.o
 .rodata.esccmds
                0x00007590       0x90 readline.o
 .rodata.vfprintf.str1.4
                0x00007620       0x10 ../libc/libc.a(minimal__home_cristhianhendes_digital_2_Digital-2_calculadora_ws2812_build_colorlight_i5_software_include_.._picolibc_src_libc_stdio_vfiprintf.o)
 .rodata.vfprintf
                0x00007620       0x90 ../libc/libc.a(minimal__home_cristhianhendes_digital_2_Digital-2_calculadora_ws2812_build_colorlight_i5_software_include_.._picolibc_src_libc_stdio_vfiprintf.o)
 .rodata.crc16_table
                0x000076b0      0x400 ../libbase/libbase.a(crc16.o)
 .rodata.crc_table
                0x00007ab0      0x400 ../libbase/libbase.a(crc32.o)
 .rodata.litex_print_size.str1.4
                0x00007eb0       0x35 ../libbase/libbase.a(format.o)
 .rodata.show_progress.str1.4
                0x00007eb0        0xa ../libbase/libbase.a(progress.o)
 .rodata.init_progression_bar.str1.4
                0x00007eb0        0xc ../libbase/libbase.a(progress.o)
 .rodata.print_progress.str1.4
                0x00007eb0       0x15 ../libbase/libbase.a(memtest.o)
 .rodata.memtest_access.str1.4
                0x00007eb0       0x2d ../libbase/libbase.a(memtest.o)
 .rodata.memtest_data.str1.4
                0x00007eb0       0x19 ../libbase/libbase.a(memtest.o)
 .rodata.memspeed.str1.4
                0x00007eb0       0x5c ../libbase/libbase.a(memtest.o)
 .rodata.memtest.str1.4
                0x00007eb0       0x70 ../libbase/libbase.a(memtest.o)
 .rodata.irq_attach.str1.4
                0x00007eb0        0xc ../libbase/libbase.a(isr.o)
 .rodata.isr.str1.4
                0x00007eb0       0x23 ../libbase/libbase.a(isr.o)
 .rodata.check_fs.str1.4
                0x00007eb0        0xa ../libfatfs/libfatfs.a(ff.o)
 .rodata.follow_path.str1.4
                0x00007eb0       0x13 ../libfatfs/libfatfs.a(ff.o)
 .rodata.ExCvt  0x00007eb0       0x80 ../libfatfs/libfatfs.a(ff.o)
 .rodata.LfnOfs
                0x00007f30        0xd ../libfatfs/libfatfs.a(ff.o)
 *fill*         0x00007f3d        0x3 
 .rodata.ff_wtoupper
                0x00007f40       0x24 ../libfatfs/libfatfs.a(ffunicode.o)
 .rodata.cvt2.0
                0x00007f64       0xbc ../libfatfs/libfatfs.a(ffunicode.o)
 .rodata.cvt1.1
                0x00008020      0x1f2 ../libfatfs/libfatfs.a(ffunicode.o)
 *fill*         0x00008212        0x2 
 .rodata.uc437  0x00008214      0x100 ../libfatfs/libfatfs.a(ffunicode.o)
 .rodata.spiflash_freq_init.str1.4
                0x00008314       0x6e ../liblitespi/liblitespi.a(spiflash.o)
 .rodata.spiflash_erase_range.str1.4
                0x00008314       0x50 ../liblitespi/liblitespi.a(spiflash.o)
 .rodata.spiflash_write_stream.str1.4
                0x00008314       0x3b ../liblitespi/liblitespi.a(spiflash.o)
 .rodata.spiflash_init.str1.4
                0x00008314       0x30 ../liblitespi/liblitespi.a(spiflash.o)
 .rodata.sdram_software_control_on.str1.4
                0x00008314       0x26 ../liblitedram/liblitedram.a(sdram.o)
 .rodata.sdram_software_control_off.str1.4
                0x00008314       0x26 ../liblitedram/liblitedram.a(sdram.o)
 .rodata.sdram_init.str1.4
                0x00008314       0x20 ../liblitedram/liblitedram.a(sdram.o)
 *(.rodata1)
 *(.got .got.*)
 *(.toc .toc.*)
 FILL mask 0x00000000
                0x00008388                        . = ALIGN (0x8)
 *fill*         0x00008314        0x4 00000000
                0x00008318                        _erodata = .

.srodata.stdin  0x00008318        0x4
 .srodata.stdin
                0x00008318        0x4 ../libc/libc.a(_libc_minimal.a)
                0x00008318                stdin

.srodata.stdout
                0x0000831c        0x4
 .srodata.stdout
                0x0000831c        0x4 ../libc/libc.a(_libc_minimal.a)
                0x0000831c                stdout

.rela.dyn       0x00008320        0x0
 .rela.text.crcbios
                0x00008320        0x0 boot.o
 .rela.text.command_dispatcher
                0x00008320        0x0 boot.o
 .rela.text.init_dispatcher
                0x00008320        0x0 boot.o
 .rela.text.help_handler
                0x00008320        0x0 boot.o
 .rela.text.startup.main
                0x00008320        0x0 boot.o
 .rela.text     0x00008320        0x0 boot.o
 .rela.text.complete
                0x00008320        0x0 boot.o
 .rela.text.uart_init
                0x00008320        0x0 boot.o

.commands       0x00008320       0x58
                0x00008320                        PROVIDE (__bios_cmd_start = .)
 *(.bios_cmd)
 .bios_cmd      0x00008320       0x18 cmd_bios.o
                0x00008320                __bios_cmd_leds
                0x00008324                __bios_cmd_flush_l2_cache
                0x00008328                __bios_cmd_flush_cpu_dcache
                0x0000832c                __bios_cmd_crc
                0x00008330                __bios_cmd_ident
                0x00008334                __bios_cmd_help
 .bios_cmd      0x00008338       0x1c cmd_mem.o
                0x00008338                __bios_cmd_mem_cmp
                0x0000833c                __bios_cmd_mem_speed
                0x00008340                __bios_cmd_mem_test
                0x00008344                __bios_cmd_mem_copy
                0x00008348                __bios_cmd_mem_write
                0x0000834c                __bios_cmd_mem_read
                0x00008350                __bios_cmd_mem_list
 .bios_cmd      0x00008354        0xc cmd_boot.o
                0x00008354                __bios_cmd_serialboot
                0x00008358                __bios_cmd_reboot
                0x0000835c                __bios_cmd_boot
 .bios_cmd      0x00008360        0xc cmd_spiflash.o
                0x00008360                __bios_cmd_flash_erase_range
                0x00008364                __bios_cmd_flash_from_sdcard
                0x00008368                __bios_cmd_flash_write
 .bios_cmd      0x0000836c        0xc cmd_litedram.o
                0x0000836c                __bios_cmd_sdram_mr_write
                0x00008370                __bios_cmd_sdram_test
                0x00008374                __bios_cmd_sdram_init
                0x00008378                        PROVIDE (__bios_cmd_end = .)

.init           0x00008378        0x0
                0x00008378                        PROVIDE (__bios_init_start = .)
 *(.bios_init)
                0x00008378                        PROVIDE (__bios_init_end = .)

.boot_methods   0x00008378        0x4
                0x00008378                        PROVIDE (__bios_boot_start = .)
 *(.bios_boot)
 .bios_boot     0x00008378        0x4 main.o
                0x00008378                __bios_boot_serial
                0x0000837c                        PROVIDE (__bios_boot_end = .)

.data           0x10000000      0x170 load address 0x0000837c
                0x10000000                        . = ALIGN (0x8)
                0x10000000                        _fdata = .
 *(.data .data.* .gnu.linkonce.d.*)
 .data.s_leds   0x10000000       0x10 cmd_bios.o
                0x10000000                s_leds
 .data.s_flush_l2_cache
                0x10000010       0x10 cmd_bios.o
                0x10000010                s_flush_l2_cache
 .data.s_flush_cpu_dcache
                0x10000020       0x10 cmd_bios.o
                0x10000020                s_flush_cpu_dcache
 .data.s_crc    0x10000030       0x10 cmd_bios.o
                0x10000030                s_crc
 .data.s_ident  0x10000040       0x10 cmd_bios.o
                0x10000040                s_ident
 .data.s_help   0x10000050       0x10 cmd_bios.o
                0x10000050                s_help
 .data.s_mem_cmp
                0x10000060       0x10 cmd_mem.o
                0x10000060                s_mem_cmp
 .data.s_mem_speed
                0x10000070       0x10 cmd_mem.o
                0x10000070                s_mem_speed
 .data.s_mem_test
                0x10000080       0x10 cmd_mem.o
                0x10000080                s_mem_test
 .data.s_mem_copy
                0x10000090       0x10 cmd_mem.o
                0x10000090                s_mem_copy
 .data.s_mem_write
                0x100000a0       0x10 cmd_mem.o
                0x100000a0                s_mem_write
 .data.s_mem_read
                0x100000b0       0x10 cmd_mem.o
                0x100000b0                s_mem_read
 .data.s_mem_list
                0x100000c0       0x10 cmd_mem.o
                0x100000c0                s_mem_list
 .data.s_serialboot
                0x100000d0       0x10 cmd_boot.o
                0x100000d0                s_serialboot
 .data.s_reboot
                0x100000e0       0x10 cmd_boot.o
                0x100000e0                s_reboot
 .data.s_boot   0x100000f0       0x10 cmd_boot.o
                0x100000f0                s_boot
 .data.s_flash_erase_range
                0x10000100       0x10 cmd_spiflash.o
                0x10000100                s_flash_erase_range
 .data.s_flash_from_sdcard
                0x10000110       0x10 cmd_spiflash.o
                0x10000110                s_flash_from_sdcard
 .data.s_flash_write
                0x10000120       0x10 cmd_spiflash.o
                0x10000120                s_flash_write
 .data.s_sdram_mr_write
                0x10000130       0x10 cmd_litedram.o
                0x10000130                s_sdram_mr_write
 .data.s_sdram_test
                0x10000140       0x10 cmd_litedram.o
                0x10000140                s_sdram_test
 .data.s_sdram_init
                0x10000150       0x10 cmd_litedram.o
                0x10000150                s_sdram_init
 .data.__stdio  0x10000160       0x10 ../libc/libc.a(_libc_minimal.a)
 *(.data1)
 *(.sdata .sdata.* .gnu.linkonce.s.*)
 FILL mask 0x00000000
                0x10000170                        . = ALIGN (0x8)
                0x10000170                        _edata = .

.bss            0x10000170      0xa98 load address 0x000084ec
                0x10000170                        . = ALIGN (0x8)
                0x10000170                        _fbss = .
 *(.dynsbss)
 *(.sbss .sbss.* .gnu.linkonce.sb.*)
 .sbss.tab_pressed
                0x10000170        0x4 complete.o
 .sbss.idle_hook_ptr
                0x10000174        0x4 readline.o
 .sbss.hist_num
                0x10000178        0x4 readline.o
 .sbss.hist_cur
                0x1000017c        0x4 readline.o
 .sbss.hist_add_idx
                0x10000180        0x4 readline.o
 .sbss.hist_max
                0x10000184        0x4 readline.o
 .sbss.errno    0x10000188        0x4 ../libc/libc.a(minimal__home_cristhianhendes_digital_2_Digital-2_calculadora_ws2812_build_colorlight_i5_software_include_.._picolibc_src_libc_errno_errno.o)
                0x10000188                errno
 .sbss.spin     0x1000018c        0x4 ../libbase/libbase.a(progress.o)
 .sbss.progress_max
                0x10000190        0x4 ../libbase/libbase.a(progress.o)
 .sbss.printed  0x10000194        0x4 ../libbase/libbase.a(progress.o)
 .sbss.tx_consume
                0x10000198        0x4 ../libbase/libbase.a(uart.o)
 .sbss.tx_produce
                0x1000019c        0x4 ../libbase/libbase.a(uart.o)
 .sbss.rx_consume
                0x100001a0        0x4 ../libbase/libbase.a(uart.o)
 .sbss.rx_produce
                0x100001a4        0x4 ../libbase/libbase.a(uart.o)
 .sbss.irq_table
                0x100001a8        0x8 ../libbase/libbase.a(isr.o)
                0x100001a8                irq_table
 .sbss.Fsid     0x100001b0        0x2 ../libfatfs/libfatfs.a(ff.o)
 *fill*         0x100001b2        0x2 
 .sbss.FatFs    0x100001b4        0x4 ../libfatfs/libfatfs.a(ff.o)
 .sbss.FfDiskOps
                0x100001b8        0x4 ../libfatfs/libfatfs.a(ff.o)
                0x100001b8                FfDiskOps
 *(.scommon)
 *(.dynbss)
 *(.bss .bss.* .gnu.linkonce.b.*)
 .bss.out       0x100001bc       0x40 complete.o
                0x100001bc                out
 .bss.sl        0x100001fc      0x280 complete.o
                0x100001fc                sl
 .bss.hist_lines
                0x1000047c      0x280 readline.o
 .bss.tx_buf    0x100006fc       0x80 ../libbase/libbase.a(uart.o)
 .bss.rx_buf    0x1000077c       0x80 ../libbase/libbase.a(uart.o)
 .bss.LfnBuf    0x100007fc      0x200 ../libfatfs/libfatfs.a(ff.o)
 .bss.r_buf     0x100009fc      0x104 ../liblitespi/liblitespi.a(spiflash.o)
 .bss.w_buf     0x10000b00      0x104 ../liblitespi/liblitespi.a(spiflash.o)
 *(COMMON)
                0x10000c08                        . = ALIGN (0x8)
 *fill*         0x10000c04        0x4 
                0x10000c08                        _ebss = .
                0x10000c08                        _end = .

/DISCARD/
 *(.eh_frame)
 *(.comment)
                0x10002000                        PROVIDE (_fstack = (ORIGIN (sram) + LENGTH (sram)))
                0x0000837c                        PROVIDE (_fdata_rom = LOADADDR (.data))
                0x000084ec                        PROVIDE (_edata_rom = (LOADADDR (.data) + SIZEOF (.data)))
OUTPUT(bios.elf elf32-littleriscv)

.riscv.attributes
                0x00000000       0x43
 .riscv.attributes
                0x00000000       0x3d boot-helper.o
 .riscv.attributes
                0x0000003d       0x43 boot.o
 .riscv.attributes
                0x00000080       0x3f helpers.o
 .riscv.attributes
                0x000000bf       0x3f cmd_bios.o
 .riscv.attributes
                0x000000fe       0x3f cmd_mem.o
 .riscv.attributes
                0x0000013d       0x3f cmd_boot.o
 .riscv.attributes
                0x0000017c       0x3f cmd_spiflash.o
 .riscv.attributes
                0x000001bb       0x3f cmd_litedram.o
 .riscv.attributes
                0x000001fa       0x43 main.o
 .riscv.attributes
                0x0000023d       0x41 crt0.o
 .riscv.attributes
                0x0000027e       0x3f complete.o
 .riscv.attributes
                0x000002bd       0x3f readline.o
 .riscv.attributes
                0x000002fc       0x3f ../libc/libc.a(minimal__home_cristhianhendes_digital_2_Digital-2_calculadora_ws2812_build_colorlight_i5_software_include_.._picolibc_src_libc_string_strncpy.o)
 .riscv.attributes
                0x0000033b       0x3f ../libc/libc.a(minimal__home_cristhianhendes_digital_2_Digital-2_calculadora_ws2812_build_colorlight_i5_software_include_.._picolibc_src_libc_string_strncmp.o)
 .riscv.attributes
                0x0000037a       0x3f ../libc/libc.a(minimal__home_cristhianhendes_digital_2_Digital-2_calculadora_ws2812_build_colorlight_i5_software_include_.._picolibc_src_libc_stdio_fgetc.o)
 .riscv.attributes
                0x000003b9       0x3f ../libc/libc.a(minimal__home_cristhianhendes_digital_2_Digital-2_calculadora_ws2812_build_colorlight_i5_software_include_.._picolibc_src_libc_stdio_fputc.o)
 .riscv.attributes
                0x000003f8       0x3f ../libc/libc.a(minimal__home_cristhianhendes_digital_2_Digital-2_calculadora_ws2812_build_colorlight_i5_software_include_.._picolibc_src_libc_stdio_fputs.o)
 .riscv.attributes
                0x00000437       0x3f ../libc/libc.a(minimal__home_cristhianhendes_digital_2_Digital-2_calculadora_ws2812_build_colorlight_i5_software_include_.._picolibc_src_libc_stdio_printf.o)
 .riscv.attributes
                0x00000476       0x3f ../libc/libc.a(minimal__home_cristhianhendes_digital_2_Digital-2_calculadora_ws2812_build_colorlight_i5_software_include_.._picolibc_src_libc_stdio_puts.o)
 .riscv.attributes
                0x000004b5       0x3f ../libc/libc.a(minimal__home_cristhianhendes_digital_2_Digital-2_calculadora_ws2812_build_colorlight_i5_software_include_.._picolibc_src_libc_stdio_strtoul.o)
 .riscv.attributes
                0x000004f4       0x3d ../libc/libc.a(minimal__home_cristhianhendes_digital_2_Digital-2_calculadora_ws2812_build_colorlight_i5_software_include_.._picolibc_src_libc_machine_riscv_memcpy-asm.o)
 .riscv.attributes
                0x00000531       0x3d ../libc/libc.a(minimal__home_cristhianhendes_digital_2_Digital-2_calculadora_ws2812_build_colorlight_i5_software_include_.._picolibc_src_libc_machine_riscv_memmove.o)
 .riscv.attributes
                0x0000056e       0x3d ../libc/libc.a(minimal__home_cristhianhendes_digital_2_Digital-2_calculadora_ws2812_build_colorlight_i5_software_include_.._picolibc_src_libc_machine_riscv_strcmp.o)
 .riscv.attributes
                0x000005ab       0x3f ../libc/libc.a(minimal__home_cristhianhendes_digital_2_Digital-2_calculadora_ws2812_build_colorlight_i5_software_include_.._picolibc_src_libc_machine_riscv_strlen.o)
 .riscv.attributes
                0x000005ea       0x3f ../libc/libc.a(minimal__home_cristhianhendes_digital_2_Digital-2_calculadora_ws2812_build_colorlight_i5_software_include_.._picolibc_src_libc_stdio_vfiprintf.o)
 .riscv.attributes
                0x00000629       0x3f ../libc/libc.a(_libc_minimal.a)
 .riscv.attributes
                0x00000668       0x3f ../libc/libc.a(minimal__home_cristhianhendes_digital_2_Digital-2_calculadora_ws2812_build_colorlight_i5_software_include_.._picolibc_src_libc_errno_errno.o)
 .riscv.attributes
                0x000006a7       0x3f ../libc/libc.a(minimal__home_cristhianhendes_digital_2_Digital-2_calculadora_ws2812_build_colorlight_i5_software_include_.._picolibc_src_libc_string_strnlen.o)
 .riscv.attributes
                0x000006e6       0x3f ../libbase/libbase.a(crc16.o)
 .riscv.attributes
                0x00000725       0x3f ../libbase/libbase.a(crc32.o)
 .riscv.attributes
                0x00000764       0x3f ../libbase/libbase.a(format.o)
 .riscv.attributes
                0x000007a3       0x3f ../libbase/libbase.a(system.o)
 .riscv.attributes
                0x000007e2       0x3f ../libbase/libbase.a(progress.o)
 .riscv.attributes
                0x00000821       0x3f ../libbase/libbase.a(memtest.o)
 .riscv.attributes
                0x00000860       0x43 ../libbase/libbase.a(uart.o)
 .riscv.attributes
                0x000008a3       0x43 ../libbase/libbase.a(isr.o)
 .riscv.attributes
                0x000008e6       0x3f ../libfatfs/libfatfs.a(ff.o)
 .riscv.attributes
                0x00000925       0x3f ../libfatfs/libfatfs.a(ffunicode.o)
 .riscv.attributes
                0x00000964       0x3f ../liblitespi/liblitespi.a(spiflash.o)
 .riscv.attributes
                0x000009a3       0x3f ../liblitedram/liblitedram.a(sdram.o)
 .riscv.attributes
                0x000009e2       0x3f ../liblitedram/liblitedram.a(utils.o)
 .riscv.attributes
                0x00000a21       0x3f ../libc/libc.a(minimal__home_cristhianhendes_digital_2_Digital-2_calculadora_ws2812_build_colorlight_i5_software_include_.._picolibc_src_libc_stdlib_lldiv.o)
 .riscv.attributes
                0x00000a60       0x3f ../libcompiler_rt/libcompiler_rt.a(divdi3.o)
 .riscv.attributes
                0x00000a9f       0x3f ../libcompiler_rt/libcompiler_rt.a(udivmoddi4.o)
 .riscv.attributes
                0x00000ade       0x3f ../libcompiler_rt/libcompiler_rt.a(clzsi2.o)
 .riscv.attributes
                0x00000b1d       0x3f ../libcompiler_rt/libcompiler_rt.a(ctzsi2.o)
 .riscv.attributes
                0x00000b5c       0x3f ../libcompiler_rt/libcompiler_rt.a(udivdi3.o)
 .riscv.attributes
                0x00000b9b       0x3f ../libcompiler_rt/libcompiler_rt.a(moddi3.o)

.debug_line     0x00000000    0x1133a
 .debug_line    0x00000000       0x48 boot-helper.o
 .debug_line    0x00000048     0x15cf boot.o
 .debug_line    0x00001617      0x9ba helpers.o
 .debug_line    0x00001fd1      0x550 cmd_bios.o
 .debug_line    0x00002521      0xb26 cmd_mem.o
 .debug_line    0x00003047      0x323 cmd_boot.o
 .debug_line    0x0000336a      0x4fe cmd_spiflash.o
 .debug_line    0x00003868      0x24b cmd_litedram.o
 .debug_line    0x00003ab3      0x635 main.o
 .debug_line    0x000040e8      0x1ce crt0.o
 .debug_line    0x000042b6      0x6c8 complete.o
 .debug_line    0x0000497e     0x10a3 readline.o
 .debug_line    0x00005a21      0x1be ../libc/libc.a(minimal__home_cristhianhendes_digital_2_Digital-2_calculadora_ws2812_build_colorlight_i5_software_include_.._picolibc_src_libc_string_strncpy.o)
 .debug_line    0x00005bdf      0x1ae ../libc/libc.a(minimal__home_cristhianhendes_digital_2_Digital-2_calculadora_ws2812_build_colorlight_i5_software_include_.._picolibc_src_libc_string_strncmp.o)
 .debug_line    0x00005d8d      0x261 ../libc/libc.a(minimal__home_cristhianhendes_digital_2_Digital-2_calculadora_ws2812_build_colorlight_i5_software_include_.._picolibc_src_libc_stdio_fgetc.o)
 .debug_line    0x00005fee      0x1b9 ../libc/libc.a(minimal__home_cristhianhendes_digital_2_Digital-2_calculadora_ws2812_build_colorlight_i5_software_include_.._picolibc_src_libc_stdio_fputc.o)
 .debug_line    0x000061a7      0x219 ../libc/libc.a(minimal__home_cristhianhendes_digital_2_Digital-2_calculadora_ws2812_build_colorlight_i5_software_include_.._picolibc_src_libc_stdio_fputs.o)
 .debug_line    0x000063c0      0x1c9 ../libc/libc.a(minimal__home_cristhianhendes_digital_2_Digital-2_calculadora_ws2812_build_colorlight_i5_software_include_.._picolibc_src_libc_stdio_printf.o)
 .debug_line    0x00006589      0x25f ../libc/libc.a(minimal__home_cristhianhendes_digital_2_Digital-2_calculadora_ws2812_build_colorlight_i5_software_include_.._picolibc_src_libc_stdio_puts.o)
 .debug_line    0x000067e8      0x4e3 ../libc/libc.a(minimal__home_cristhianhendes_digital_2_Digital-2_calculadora_ws2812_build_colorlight_i5_software_include_.._picolibc_src_libc_stdio_strtoul.o)
 .debug_line    0x00006ccb       0x7a ../libc/libc.a(minimal__home_cristhianhendes_digital_2_Digital-2_calculadora_ws2812_build_colorlight_i5_software_include_.._picolibc_src_libc_machine_riscv_memcpy-asm.o)
 .debug_line    0x00006d45       0x98 ../libc/libc.a(minimal__home_cristhianhendes_digital_2_Digital-2_calculadora_ws2812_build_colorlight_i5_software_include_.._picolibc_src_libc_machine_riscv_memmove.o)
 .debug_line    0x00006ddd       0x74 ../libc/libc.a(minimal__home_cristhianhendes_digital_2_Digital-2_calculadora_ws2812_build_colorlight_i5_software_include_.._picolibc_src_libc_machine_riscv_strcmp.o)
 .debug_line    0x00006e51      0x112 ../libc/libc.a(minimal__home_cristhianhendes_digital_2_Digital-2_calculadora_ws2812_build_colorlight_i5_software_include_.._picolibc_src_libc_machine_riscv_strlen.o)
 .debug_line    0x00006f63      0xf64 ../libc/libc.a(minimal__home_cristhianhendes_digital_2_Digital-2_calculadora_ws2812_build_colorlight_i5_software_include_.._picolibc_src_libc_stdio_vfiprintf.o)
 .debug_line    0x00007ec7      0x18d ../libc/libc.a(_libc_minimal.a)
 .debug_line    0x00008054       0x6e ../libc/libc.a(minimal__home_cristhianhendes_digital_2_Digital-2_calculadora_ws2812_build_colorlight_i5_software_include_.._picolibc_src_libc_errno_errno.o)
 .debug_line    0x000080c2       0xf4 ../libc/libc.a(minimal__home_cristhianhendes_digital_2_Digital-2_calculadora_ws2812_build_colorlight_i5_software_include_.._picolibc_src_libc_string_strnlen.o)
 .debug_line    0x000081b6       0xea ../libbase/libbase.a(crc16.o)
 .debug_line    0x000082a0      0x188 ../libbase/libbase.a(crc32.o)
 .debug_line    0x00008428      0x1a1 ../libbase/libbase.a(format.o)
 .debug_line    0x000085c9      0x41c ../libbase/libbase.a(system.o)
 .debug_line    0x000089e5      0x2c0 ../libbase/libbase.a(progress.o)
 .debug_line    0x00008ca5     0x1273 ../libbase/libbase.a(memtest.o)
 .debug_line    0x00009f18      0x818 ../libbase/libbase.a(uart.o)
 .debug_line    0x0000a730      0x3a1 ../libbase/libbase.a(isr.o)
 .debug_line    0x0000aad1     0x3bab ../libfatfs/libfatfs.a(ff.o)
 .debug_line    0x0000e67c      0x43c ../libfatfs/libfatfs.a(ffunicode.o)
 .debug_line    0x0000eab8      0xcb8 ../liblitespi/liblitespi.a(spiflash.o)
 .debug_line    0x0000f770      0x968 ../liblitedram/liblitedram.a(sdram.o)
 .debug_line    0x000100d8      0x1bf ../liblitedram/liblitedram.a(utils.o)
 .debug_line    0x00010297      0x119 ../libc/libc.a(minimal__home_cristhianhendes_digital_2_Digital-2_calculadora_ws2812_build_colorlight_i5_software_include_.._picolibc_src_libc_stdlib_lldiv.o)
 .debug_line    0x000103b0      0x1c1 ../libcompiler_rt/libcompiler_rt.a(divdi3.o)
 .debug_line    0x00010571      0x76d ../libcompiler_rt/libcompiler_rt.a(udivmoddi4.o)
 .debug_line    0x00010cde      0x209 ../libcompiler_rt/libcompiler_rt.a(clzsi2.o)
 .debug_line    0x00010ee7      0x1df ../libcompiler_rt/libcompiler_rt.a(ctzsi2.o)
 .debug_line    0x000110c6       0xcb ../libcompiler_rt/libcompiler_rt.a(udivdi3.o)
 .debug_line    0x00011191      0x1a9 ../libcompiler_rt/libcompiler_rt.a(moddi3.o)

.debug_line_str
                0x00000000     0x21e5
 .debug_line_str
                0x00000000     0x21e5 boot-helper.o
                                 0xac (size before relaxing)
 .debug_line_str
                0x000021e5      0x721 boot.o
 .debug_line_str
                0x000021e5      0x47b helpers.o
 .debug_line_str
                0x000021e5      0x5ee cmd_bios.o
 .debug_line_str
                0x000021e5      0x5f3 cmd_mem.o
 .debug_line_str
                0x000021e5      0x5a6 cmd_boot.o
 .debug_line_str
                0x000021e5      0x68a cmd_spiflash.o
 .debug_line_str
                0x000021e5      0x696 cmd_litedram.o
 .debug_line_str
                0x000021e5      0x7c8 main.o
 .debug_line_str
                0x000021e5       0xa5 crt0.o
 .debug_line_str
                0x000021e5      0x418 complete.o
 .debug_line_str
                0x000021e5      0x450 readline.o
 .debug_line_str
                0x000021e5      0x61f ../libc/libc.a(minimal__home_cristhianhendes_digital_2_Digital-2_calculadora_ws2812_build_colorlight_i5_software_include_.._picolibc_src_libc_string_strncpy.o)
 .debug_line_str
                0x000021e5      0x61f ../libc/libc.a(minimal__home_cristhianhendes_digital_2_Digital-2_calculadora_ws2812_build_colorlight_i5_software_include_.._picolibc_src_libc_string_strncmp.o)
 .debug_line_str
                0x000021e5      0x578 ../libc/libc.a(minimal__home_cristhianhendes_digital_2_Digital-2_calculadora_ws2812_build_colorlight_i5_software_include_.._picolibc_src_libc_stdio_fgetc.o)
 .debug_line_str
                0x000021e5      0x578 ../libc/libc.a(minimal__home_cristhianhendes_digital_2_Digital-2_calculadora_ws2812_build_colorlight_i5_software_include_.._picolibc_src_libc_stdio_fputc.o)
 .debug_line_str
                0x000021e5      0x578 ../libc/libc.a(minimal__home_cristhianhendes_digital_2_Digital-2_calculadora_ws2812_build_colorlight_i5_software_include_.._picolibc_src_libc_stdio_fputs.o)
 .debug_line_str
                0x000021e5      0x57b ../libc/libc.a(minimal__home_cristhianhendes_digital_2_Digital-2_calculadora_ws2812_build_colorlight_i5_software_include_.._picolibc_src_libc_stdio_printf.o)
 .debug_line_str
                0x000021e5      0x575 ../libc/libc.a(minimal__home_cristhianhendes_digital_2_Digital-2_calculadora_ws2812_build_colorlight_i5_software_include_.._picolibc_src_libc_stdio_puts.o)
 .debug_line_str
                0x000021e5      0x592 ../libc/libc.a(minimal__home_cristhianhendes_digital_2_Digital-2_calculadora_ws2812_build_colorlight_i5_software_include_.._picolibc_src_libc_stdio_strtoul.o)
 .debug_line_str
                0x000021e5       0xf1 ../libc/libc.a(minimal__home_cristhianhendes_digital_2_Digital-2_calculadora_ws2812_build_colorlight_i5_software_include_.._picolibc_src_libc_machine_riscv_memcpy-asm.o)
 .debug_line_str
                0x000021e5       0xee ../libc/libc.a(minimal__home_cristhianhendes_digital_2_Digital-2_calculadora_ws2812_build_colorlight_i5_software_include_.._picolibc_src_libc_machine_riscv_memmove.o)
 .debug_line_str
                0x000021e5       0xed ../libc/libc.a(minimal__home_cristhianhendes_digital_2_Digital-2_calculadora_ws2812_build_colorlight_i5_software_include_.._picolibc_src_libc_machine_riscv_strcmp.o)
 .debug_line_str
                0x000021e5      0x416 ../libc/libc.a(minimal__home_cristhianhendes_digital_2_Digital-2_calculadora_ws2812_build_colorlight_i5_software_include_.._picolibc_src_libc_machine_riscv_strlen.o)
 .debug_line_str
                0x000021e5      0x7af ../libc/libc.a(minimal__home_cristhianhendes_digital_2_Digital-2_calculadora_ws2812_build_colorlight_i5_software_include_.._picolibc_src_libc_stdio_vfiprintf.o)
 .debug_line_str
                0x000021e5      0x561 ../libc/libc.a(_libc_minimal.a)
 .debug_line_str
                0x000021e5      0x365 ../libc/libc.a(minimal__home_cristhianhendes_digital_2_Digital-2_calculadora_ws2812_build_colorlight_i5_software_include_.._picolibc_src_libc_errno_errno.o)
 .debug_line_str
                0x000021e5      0x3ce ../libc/libc.a(minimal__home_cristhianhendes_digital_2_Digital-2_calculadora_ws2812_build_colorlight_i5_software_include_.._picolibc_src_libc_string_strnlen.o)
 .debug_line_str
                0x000021e5      0x15c ../libbase/libbase.a(crc16.o)
 .debug_line_str
                0x000021e5      0x15c ../libbase/libbase.a(crc32.o)
 .debug_line_str
                0x000021e5      0x3e6 ../libbase/libbase.a(format.o)
 .debug_line_str
                0x000021e5      0x50a ../libbase/libbase.a(system.o)
 .debug_line_str
                0x000021e5      0x3fc ../libbase/libbase.a(progress.o)
 .debug_line_str
                0x000021e5      0x567 ../libbase/libbase.a(memtest.o)
 .debug_line_str
                0x000021e5      0x505 ../libbase/libbase.a(uart.o)
 .debug_line_str
                0x000021e5      0x52c ../libbase/libbase.a(isr.o)
 .debug_line_str
                0x000021e5      0x374 ../libfatfs/libfatfs.a(ff.o)
 .debug_line_str
                0x000021e5      0x380 ../libfatfs/libfatfs.a(ffunicode.o)
 .debug_line_str
                0x000021e5      0x5f0 ../liblitespi/liblitespi.a(spiflash.o)
 .debug_line_str
                0x000021e5      0x5fa ../liblitedram/liblitedram.a(sdram.o)
 .debug_line_str
                0x000021e5      0x5ba ../liblitedram/liblitedram.a(utils.o)
 .debug_line_str
                0x000021e5      0x3b3 ../libc/libc.a(minimal__home_cristhianhendes_digital_2_Digital-2_calculadora_ws2812_build_colorlight_i5_software_include_.._picolibc_src_libc_stdlib_lldiv.o)
 .debug_line_str
                0x000021e5      0x467 ../libcompiler_rt/libcompiler_rt.a(divdi3.o)
 .debug_line_str
                0x000021e5      0x473 ../libcompiler_rt/libcompiler_rt.a(udivmoddi4.o)
 .debug_line_str
                0x000021e5      0x467 ../libcompiler_rt/libcompiler_rt.a(clzsi2.o)
 .debug_line_str
                0x000021e5      0x467 ../libcompiler_rt/libcompiler_rt.a(ctzsi2.o)
 .debug_line_str
                0x000021e5      0x46a ../libcompiler_rt/libcompiler_rt.a(udivdi3.o)
 .debug_line_str
                0x000021e5      0x467 ../libcompiler_rt/libcompiler_rt.a(moddi3.o)

.debug_info     0x00000000     0xd7e3
 .debug_info    0x00000000       0x24 boot-helper.o
 .debug_info    0x00000024     0x10fa boot.o
 .debug_info    0x0000111e      0x7c0 helpers.o
 .debug_info    0x000018de      0x63c cmd_bios.o
 .debug_info    0x00001f1a      0x8d5 cmd_mem.o
 .debug_info    0x000027ef      0x393 cmd_boot.o
 .debug_info    0x00002b82      0x94a cmd_spiflash.o
 .debug_info    0x000034cc      0x366 cmd_litedram.o
 .debug_info    0x00003832      0x9f2 main.o
 .debug_info    0x00004224       0x25 crt0.o
 .debug_info    0x00004249      0x59d complete.o
 .debug_info    0x000047e6      0xb5b readline.o
 .debug_info    0x00005341       0xfa ../libc/libc.a(minimal__home_cristhianhendes_digital_2_Digital-2_calculadora_ws2812_build_colorlight_i5_software_include_.._picolibc_src_libc_string_strncpy.o)
 .debug_info    0x0000543b       0xcc ../libc/libc.a(minimal__home_cristhianhendes_digital_2_Digital-2_calculadora_ws2812_build_colorlight_i5_software_include_.._picolibc_src_libc_string_strncmp.o)
 .debug_info    0x00005507      0x201 ../libc/libc.a(minimal__home_cristhianhendes_digital_2_Digital-2_calculadora_ws2812_build_colorlight_i5_software_include_.._picolibc_src_libc_stdio_fgetc.o)
 .debug_info    0x00005708      0x18f ../libc/libc.a(minimal__home_cristhianhendes_digital_2_Digital-2_calculadora_ws2812_build_colorlight_i5_software_include_.._picolibc_src_libc_stdio_fputc.o)
 .debug_info    0x00005897      0x1f8 ../libc/libc.a(minimal__home_cristhianhendes_digital_2_Digital-2_calculadora_ws2812_build_colorlight_i5_software_include_.._picolibc_src_libc_stdio_fputs.o)
 .debug_info    0x00005a8f      0x1fd ../libc/libc.a(minimal__home_cristhianhendes_digital_2_Digital-2_calculadora_ws2812_build_colorlight_i5_software_include_.._picolibc_src_libc_stdio_printf.o)
 .debug_info    0x00005c8c      0x217 ../libc/libc.a(minimal__home_cristhianhendes_digital_2_Digital-2_calculadora_ws2812_build_colorlight_i5_software_include_.._picolibc_src_libc_stdio_puts.o)
 .debug_info    0x00005ea3      0x1b8 ../libc/libc.a(minimal__home_cristhianhendes_digital_2_Digital-2_calculadora_ws2812_build_colorlight_i5_software_include_.._picolibc_src_libc_stdio_strtoul.o)
 .debug_info    0x0000605b       0x31 ../libc/libc.a(minimal__home_cristhianhendes_digital_2_Digital-2_calculadora_ws2812_build_colorlight_i5_software_include_.._picolibc_src_libc_machine_riscv_memcpy-asm.o)
 .debug_info    0x0000608c       0x31 ../libc/libc.a(minimal__home_cristhianhendes_digital_2_Digital-2_calculadora_ws2812_build_colorlight_i5_software_include_.._picolibc_src_libc_machine_riscv_memmove.o)
 .debug_info    0x000060bd       0x31 ../libc/libc.a(minimal__home_cristhianhendes_digital_2_Digital-2_calculadora_ws2812_build_colorlight_i5_software_include_.._picolibc_src_libc_machine_riscv_strcmp.o)
 .debug_info    0x000060ee       0xca ../libc/libc.a(minimal__home_cristhianhendes_digital_2_Digital-2_calculadora_ws2812_build_colorlight_i5_software_include_.._picolibc_src_libc_machine_riscv_strlen.o)
 .debug_info    0x000061b8      0x4de ../libc/libc.a(minimal__home_cristhianhendes_digital_2_Digital-2_calculadora_ws2812_build_colorlight_i5_software_include_.._picolibc_src_libc_stdio_vfiprintf.o)
 .debug_info    0x00006696      0x24c ../libc/libc.a(_libc_minimal.a)
 .debug_info    0x000068e2       0x83 ../libc/libc.a(minimal__home_cristhianhendes_digital_2_Digital-2_calculadora_ws2812_build_colorlight_i5_software_include_.._picolibc_src_libc_errno_errno.o)
 .debug_info    0x00006965       0xd4 ../libc/libc.a(minimal__home_cristhianhendes_digital_2_Digital-2_calculadora_ws2812_build_colorlight_i5_software_include_.._picolibc_src_libc_string_strnlen.o)
 .debug_info    0x00006a39       0xd0 ../libbase/libbase.a(crc16.o)
 .debug_info    0x00006b09       0xc2 ../libbase/libbase.a(crc32.o)
 .debug_info    0x00006bcb      0x11e ../libbase/libbase.a(format.o)
 .debug_info    0x00006ce9      0x4d5 ../libbase/libbase.a(system.o)
 .debug_info    0x000071be      0x238 ../libbase/libbase.a(progress.o)
 .debug_info    0x000073f6     0x11f7 ../libbase/libbase.a(memtest.o)
 .debug_info    0x000085ed      0x69c ../libbase/libbase.a(uart.o)
 .debug_info    0x00008c89      0x357 ../libbase/libbase.a(isr.o)
 .debug_info    0x00008fe0     0x1ec6 ../libfatfs/libfatfs.a(ff.o)
 .debug_info    0x0000aea6      0x272 ../libfatfs/libfatfs.a(ffunicode.o)
 .debug_info    0x0000b118      0xe8a ../liblitespi/liblitespi.a(spiflash.o)
 .debug_info    0x0000bfa2      0xdae ../liblitedram/liblitedram.a(sdram.o)
 .debug_info    0x0000cd50      0x1c5 ../liblitedram/liblitedram.a(utils.o)
 .debug_info    0x0000cf15      0x111 ../libc/libc.a(minimal__home_cristhianhendes_digital_2_Digital-2_calculadora_ws2812_build_colorlight_i5_software_include_.._picolibc_src_libc_stdlib_lldiv.o)
 .debug_info    0x0000d026      0x141 ../libcompiler_rt/libcompiler_rt.a(divdi3.o)
 .debug_info    0x0000d167      0x224 ../libcompiler_rt/libcompiler_rt.a(udivmoddi4.o)
 .debug_info    0x0000d38b       0xf8 ../libcompiler_rt/libcompiler_rt.a(clzsi2.o)
 .debug_info    0x0000d483       0xf8 ../libcompiler_rt/libcompiler_rt.a(ctzsi2.o)
 .debug_info    0x0000d57b      0x127 ../libcompiler_rt/libcompiler_rt.a(udivdi3.o)
 .debug_info    0x0000d6a2      0x141 ../libcompiler_rt/libcompiler_rt.a(moddi3.o)

.debug_abbrev   0x00000000     0x487d
 .debug_abbrev  0x00000000       0x14 boot-helper.o
 .debug_abbrev  0x00000014      0x4e7 boot.o
 .debug_abbrev  0x000004fb      0x295 helpers.o
 .debug_abbrev  0x00000790      0x26b cmd_bios.o
 .debug_abbrev  0x000009fb      0x21d cmd_mem.o
 .debug_abbrev  0x00000c18      0x1fc cmd_boot.o
 .debug_abbrev  0x00000e14      0x252 cmd_spiflash.o
 .debug_abbrev  0x00001066      0x1e4 cmd_litedram.o
 .debug_abbrev  0x0000124a      0x29e main.o
 .debug_abbrev  0x000014e8       0x14 crt0.o
 .debug_abbrev  0x000014fc      0x239 complete.o
 .debug_abbrev  0x00001735      0x373 readline.o
 .debug_abbrev  0x00001aa8       0xa5 ../libc/libc.a(minimal__home_cristhianhendes_digital_2_Digital-2_calculadora_ws2812_build_colorlight_i5_software_include_.._picolibc_src_libc_string_strncpy.o)
 .debug_abbrev  0x00001b4d       0x79 ../libc/libc.a(minimal__home_cristhianhendes_digital_2_Digital-2_calculadora_ws2812_build_colorlight_i5_software_include_.._picolibc_src_libc_string_strncmp.o)
 .debug_abbrev  0x00001bc6      0x148 ../libc/libc.a(minimal__home_cristhianhendes_digital_2_Digital-2_calculadora_ws2812_build_colorlight_i5_software_include_.._picolibc_src_libc_stdio_fgetc.o)
 .debug_abbrev  0x00001d0e       0xda ../libc/libc.a(minimal__home_cristhianhendes_digital_2_Digital-2_calculadora_ws2812_build_colorlight_i5_software_include_.._picolibc_src_libc_stdio_fputc.o)
 .debug_abbrev  0x00001de8      0x149 ../libc/libc.a(minimal__home_cristhianhendes_digital_2_Digital-2_calculadora_ws2812_build_colorlight_i5_software_include_.._picolibc_src_libc_stdio_fputs.o)
 .debug_abbrev  0x00001f31      0x11d ../libc/libc.a(minimal__home_cristhianhendes_digital_2_Digital-2_calculadora_ws2812_build_colorlight_i5_software_include_.._picolibc_src_libc_stdio_printf.o)
 .debug_abbrev  0x0000204e      0x13c ../libc/libc.a(minimal__home_cristhianhendes_digital_2_Digital-2_calculadora_ws2812_build_colorlight_i5_software_include_.._picolibc_src_libc_stdio_puts.o)
 .debug_abbrev  0x0000218a      0x132 ../libc/libc.a(minimal__home_cristhianhendes_digital_2_Digital-2_calculadora_ws2812_build_colorlight_i5_software_include_.._picolibc_src_libc_stdio_strtoul.o)
 .debug_abbrev  0x000022bc       0x28 ../libc/libc.a(minimal__home_cristhianhendes_digital_2_Digital-2_calculadora_ws2812_build_colorlight_i5_software_include_.._picolibc_src_libc_machine_riscv_memcpy-asm.o)
 .debug_abbrev  0x000022e4       0x28 ../libc/libc.a(minimal__home_cristhianhendes_digital_2_Digital-2_calculadora_ws2812_build_colorlight_i5_software_include_.._picolibc_src_libc_machine_riscv_memmove.o)
 .debug_abbrev  0x0000230c       0x28 ../libc/libc.a(minimal__home_cristhianhendes_digital_2_Digital-2_calculadora_ws2812_build_colorlight_i5_software_include_.._picolibc_src_libc_machine_riscv_strcmp.o)
 .debug_abbrev  0x00002334       0x8a ../libc/libc.a(minimal__home_cristhianhendes_digital_2_Digital-2_calculadora_ws2812_build_colorlight_i5_software_include_.._picolibc_src_libc_machine_riscv_strlen.o)
 .debug_abbrev  0x000023be      0x25f ../libc/libc.a(minimal__home_cristhianhendes_digital_2_Digital-2_calculadora_ws2812_build_colorlight_i5_software_include_.._picolibc_src_libc_stdio_vfiprintf.o)
 .debug_abbrev  0x0000261d      0x173 ../libc/libc.a(_libc_minimal.a)
 .debug_abbrev  0x00002790       0x4a ../libc/libc.a(minimal__home_cristhianhendes_digital_2_Digital-2_calculadora_ws2812_build_colorlight_i5_software_include_.._picolibc_src_libc_errno_errno.o)
 .debug_abbrev  0x000027da       0x8c ../libc/libc.a(minimal__home_cristhianhendes_digital_2_Digital-2_calculadora_ws2812_build_colorlight_i5_software_include_.._picolibc_src_libc_string_strnlen.o)
 .debug_abbrev  0x00002866       0xaf ../libbase/libbase.a(crc16.o)
 .debug_abbrev  0x00002915       0xa4 ../libbase/libbase.a(crc32.o)
 .debug_abbrev  0x000029b9       0xd3 ../libbase/libbase.a(format.o)
 .debug_abbrev  0x00002a8c      0x154 ../libbase/libbase.a(system.o)
 .debug_abbrev  0x00002be0      0x158 ../libbase/libbase.a(progress.o)
 .debug_abbrev  0x00002d38      0x408 ../libbase/libbase.a(memtest.o)
 .debug_abbrev  0x00003140      0x285 ../libbase/libbase.a(uart.o)
 .debug_abbrev  0x000033c5      0x25b ../libbase/libbase.a(isr.o)
 .debug_abbrev  0x00003620      0x3bd ../libfatfs/libfatfs.a(ff.o)
 .debug_abbrev  0x000039dd       0xf3 ../libfatfs/libfatfs.a(ffunicode.o)
 .debug_abbrev  0x00003ad0      0x405 ../liblitespi/liblitespi.a(spiflash.o)
 .debug_abbrev  0x00003ed5      0x328 ../liblitedram/liblitedram.a(sdram.o)
 .debug_abbrev  0x000041fd      0x144 ../liblitedram/liblitedram.a(utils.o)
 .debug_abbrev  0x00004341       0xc0 ../libc/libc.a(minimal__home_cristhianhendes_digital_2_Digital-2_calculadora_ws2812_build_colorlight_i5_software_include_.._picolibc_src_libc_stdlib_lldiv.o)
 .debug_abbrev  0x00004401       0xcf ../libcompiler_rt/libcompiler_rt.a(divdi3.o)
 .debug_abbrev  0x000044d0      0x132 ../libcompiler_rt/libcompiler_rt.a(udivmoddi4.o)
 .debug_abbrev  0x00004602       0x7c ../libcompiler_rt/libcompiler_rt.a(clzsi2.o)
 .debug_abbrev  0x0000467e       0x7c ../libcompiler_rt/libcompiler_rt.a(ctzsi2.o)
 .debug_abbrev  0x000046fa       0xa5 ../libcompiler_rt/libcompiler_rt.a(udivdi3.o)
 .debug_abbrev  0x0000479f       0xde ../libcompiler_rt/libcompiler_rt.a(moddi3.o)

.debug_aranges  0x00000000      0x8b8
 .debug_aranges
                0x00000000       0x20 boot-helper.o
 .debug_aranges
                0x00000020       0x48 boot.o
 .debug_aranges
                0x00000068       0x50 helpers.o
 .debug_aranges
                0x000000b8       0x40 cmd_bios.o
 .debug_aranges
                0x000000f8       0x50 cmd_mem.o
 .debug_aranges
                0x00000148       0x28 cmd_boot.o
 .debug_aranges
                0x00000170       0x30 cmd_spiflash.o
 .debug_aranges
                0x000001a0       0x28 cmd_litedram.o
 .debug_aranges
                0x000001c8       0x28 main.o
 .debug_aranges
                0x000001f0       0x20 crt0.o
 .debug_aranges
                0x00000210       0x20 complete.o
 .debug_aranges
                0x00000230       0x38 readline.o
 .debug_aranges
                0x00000268       0x20 ../libc/libc.a(minimal__home_cristhianhendes_digital_2_Digital-2_calculadora_ws2812_build_colorlight_i5_software_include_.._picolibc_src_libc_string_strncpy.o)
 .debug_aranges
                0x00000288       0x20 ../libc/libc.a(minimal__home_cristhianhendes_digital_2_Digital-2_calculadora_ws2812_build_colorlight_i5_software_include_.._picolibc_src_libc_string_strncmp.o)
 .debug_aranges
                0x000002a8       0x20 ../libc/libc.a(minimal__home_cristhianhendes_digital_2_Digital-2_calculadora_ws2812_build_colorlight_i5_software_include_.._picolibc_src_libc_stdio_fgetc.o)
 .debug_aranges
                0x000002c8       0x20 ../libc/libc.a(minimal__home_cristhianhendes_digital_2_Digital-2_calculadora_ws2812_build_colorlight_i5_software_include_.._picolibc_src_libc_stdio_fputc.o)
 .debug_aranges
                0x000002e8       0x20 ../libc/libc.a(minimal__home_cristhianhendes_digital_2_Digital-2_calculadora_ws2812_build_colorlight_i5_software_include_.._picolibc_src_libc_stdio_fputs.o)
 .debug_aranges
                0x00000308       0x20 ../libc/libc.a(minimal__home_cristhianhendes_digital_2_Digital-2_calculadora_ws2812_build_colorlight_i5_software_include_.._picolibc_src_libc_stdio_printf.o)
 .debug_aranges
                0x00000328       0x20 ../libc/libc.a(minimal__home_cristhianhendes_digital_2_Digital-2_calculadora_ws2812_build_colorlight_i5_software_include_.._picolibc_src_libc_stdio_puts.o)
 .debug_aranges
                0x00000348       0x20 ../libc/libc.a(minimal__home_cristhianhendes_digital_2_Digital-2_calculadora_ws2812_build_colorlight_i5_software_include_.._picolibc_src_libc_stdio_strtoul.o)
 .debug_aranges
                0x00000368       0x20 ../libc/libc.a(minimal__home_cristhianhendes_digital_2_Digital-2_calculadora_ws2812_build_colorlight_i5_software_include_.._picolibc_src_libc_machine_riscv_memcpy-asm.o)
 .debug_aranges
                0x00000388       0x20 ../libc/libc.a(minimal__home_cristhianhendes_digital_2_Digital-2_calculadora_ws2812_build_colorlight_i5_software_include_.._picolibc_src_libc_machine_riscv_memmove.o)
 .debug_aranges
                0x000003a8       0x20 ../libc/libc.a(minimal__home_cristhianhendes_digital_2_Digital-2_calculadora_ws2812_build_colorlight_i5_software_include_.._picolibc_src_libc_machine_riscv_strcmp.o)
 .debug_aranges
                0x000003c8       0x20 ../libc/libc.a(minimal__home_cristhianhendes_digital_2_Digital-2_calculadora_ws2812_build_colorlight_i5_software_include_.._picolibc_src_libc_machine_riscv_strlen.o)
 .debug_aranges
                0x000003e8       0x28 ../libc/libc.a(minimal__home_cristhianhendes_digital_2_Digital-2_calculadora_ws2812_build_colorlight_i5_software_include_.._picolibc_src_libc_stdio_vfiprintf.o)
 .debug_aranges
                0x00000410       0x28 ../libc/libc.a(_libc_minimal.a)
 .debug_aranges
                0x00000438       0x18 ../libc/libc.a(minimal__home_cristhianhendes_digital_2_Digital-2_calculadora_ws2812_build_colorlight_i5_software_include_.._picolibc_src_libc_errno_errno.o)
 .debug_aranges
                0x00000450       0x20 ../libc/libc.a(minimal__home_cristhianhendes_digital_2_Digital-2_calculadora_ws2812_build_colorlight_i5_software_include_.._picolibc_src_libc_string_strnlen.o)
 .debug_aranges
                0x00000470       0x20 ../libbase/libbase.a(crc16.o)
 .debug_aranges
                0x00000490       0x20 ../libbase/libbase.a(crc32.o)
 .debug_aranges
                0x000004b0       0x20 ../libbase/libbase.a(format.o)
 .debug_aranges
                0x000004d0       0x30 ../libbase/libbase.a(system.o)
 .debug_aranges
                0x00000500       0x28 ../libbase/libbase.a(progress.o)
 .debug_aranges
                0x00000528       0x58 ../libbase/libbase.a(memtest.o)
 .debug_aranges
                0x00000580       0x48 ../libbase/libbase.a(uart.o)
 .debug_aranges
                0x000005c8       0x30 ../libbase/libbase.a(isr.o)
 .debug_aranges
                0x000005f8       0xc0 ../libfatfs/libfatfs.a(ff.o)
 .debug_aranges
                0x000006b8       0x30 ../libfatfs/libfatfs.a(ffunicode.o)
 .debug_aranges
                0x000006e8       0x58 ../liblitespi/liblitespi.a(spiflash.o)
 .debug_aranges
                0x00000740       0x68 ../liblitedram/liblitedram.a(sdram.o)
 .debug_aranges
                0x000007a8       0x30 ../liblitedram/liblitedram.a(utils.o)
 .debug_aranges
                0x000007d8       0x20 ../libc/libc.a(minimal__home_cristhianhendes_digital_2_Digital-2_calculadora_ws2812_build_colorlight_i5_software_include_.._picolibc_src_libc_stdlib_lldiv.o)
 .debug_aranges
                0x000007f8       0x20 ../libcompiler_rt/libcompiler_rt.a(divdi3.o)
 .debug_aranges
                0x00000818       0x20 ../libcompiler_rt/libcompiler_rt.a(udivmoddi4.o)
 .debug_aranges
                0x00000838       0x20 ../libcompiler_rt/libcompiler_rt.a(clzsi2.o)
 .debug_aranges
                0x00000858       0x20 ../libcompiler_rt/libcompiler_rt.a(ctzsi2.o)
 .debug_aranges
                0x00000878       0x20 ../libcompiler_rt/libcompiler_rt.a(udivdi3.o)
 .debug_aranges
                0x00000898       0x20 ../libcompiler_rt/libcompiler_rt.a(moddi3.o)

.debug_str      0x00000000    0x19741
 .debug_str     0x00000000    0x19741 boot-helper.o
                                 0xb8 (size before relaxing)
 .debug_str     0x00019741     0x97ae boot.o
 .debug_str     0x00019741     0x67b5 helpers.o
 .debug_str     0x00019741     0x8bed cmd_bios.o
 .debug_str     0x00019741     0x8ed4 cmd_mem.o
 .debug_str     0x00019741     0x8bff cmd_boot.o
 .debug_str     0x00019741     0x92fa cmd_spiflash.o
 .debug_str     0x00019741     0x8eb6 cmd_litedram.o
 .debug_str     0x00019741     0xa525 main.o
 .debug_str     0x00019741       0xb1 crt0.o
 .debug_str     0x00019741     0x5b05 complete.o
 .debug_str     0x00019741     0x5ad5 readline.o
 .debug_str     0x00019741     0x6fd2 ../libc/libc.a(minimal__home_cristhianhendes_digital_2_Digital-2_calculadora_ws2812_build_colorlight_i5_software_include_.._picolibc_src_libc_string_strncpy.o)
 .debug_str     0x00019741     0x6fb6 ../libc/libc.a(minimal__home_cristhianhendes_digital_2_Digital-2_calculadora_ws2812_build_colorlight_i5_software_include_.._picolibc_src_libc_string_strncmp.o)
 .debug_str     0x00019741     0xb074 ../libc/libc.a(minimal__home_cristhianhendes_digital_2_Digital-2_calculadora_ws2812_build_colorlight_i5_software_include_.._picolibc_src_libc_stdio_fgetc.o)
 .debug_str     0x00019741     0xb057 ../libc/libc.a(minimal__home_cristhianhendes_digital_2_Digital-2_calculadora_ws2812_build_colorlight_i5_software_include_.._picolibc_src_libc_stdio_fputc.o)
 .debug_str     0x00019741     0xb069 ../libc/libc.a(minimal__home_cristhianhendes_digital_2_Digital-2_calculadora_ws2812_build_colorlight_i5_software_include_.._picolibc_src_libc_stdio_fputs.o)
 .debug_str     0x00019741     0xb07d ../libc/libc.a(minimal__home_cristhianhendes_digital_2_Digital-2_calculadora_ws2812_build_colorlight_i5_software_include_.._picolibc_src_libc_stdio_printf.o)
 .debug_str     0x00019741     0xb072 ../libc/libc.a(minimal__home_cristhianhendes_digital_2_Digital-2_calculadora_ws2812_build_colorlight_i5_software_include_.._picolibc_src_libc_stdio_puts.o)
 .debug_str     0x00019741     0xc162 ../libc/libc.a(minimal__home_cristhianhendes_digital_2_Digital-2_calculadora_ws2812_build_colorlight_i5_software_include_.._picolibc_src_libc_stdio_strtoul.o)
 .debug_str     0x00019741      0x104 ../libc/libc.a(minimal__home_cristhianhendes_digital_2_Digital-2_calculadora_ws2812_build_colorlight_i5_software_include_.._picolibc_src_libc_machine_riscv_memcpy-asm.o)
 .debug_str     0x00019741      0x102 ../libc/libc.a(minimal__home_cristhianhendes_digital_2_Digital-2_calculadora_ws2812_build_colorlight_i5_software_include_.._picolibc_src_libc_machine_riscv_memmove.o)
 .debug_str     0x00019741      0x100 ../libc/libc.a(minimal__home_cristhianhendes_digital_2_Digital-2_calculadora_ws2812_build_colorlight_i5_software_include_.._picolibc_src_libc_machine_riscv_strcmp.o)
 .debug_str     0x00019741     0x50c5 ../libc/libc.a(minimal__home_cristhianhendes_digital_2_Digital-2_calculadora_ws2812_build_colorlight_i5_software_include_.._picolibc_src_libc_machine_riscv_strlen.o)
 .debug_str     0x00019741     0xe0a7 ../libc/libc.a(minimal__home_cristhianhendes_digital_2_Digital-2_calculadora_ws2812_build_colorlight_i5_software_include_.._picolibc_src_libc_stdio_vfiprintf.o)
 .debug_str     0x00019741     0x86b1 ../libc/libc.a(_libc_minimal.a)
 .debug_str     0x00019741     0x4948 ../libc/libc.a(minimal__home_cristhianhendes_digital_2_Digital-2_calculadora_ws2812_build_colorlight_i5_software_include_.._picolibc_src_libc_errno_errno.o)
 .debug_str     0x00019741     0x4559 ../libc/libc.a(minimal__home_cristhianhendes_digital_2_Digital-2_calculadora_ws2812_build_colorlight_i5_software_include_.._picolibc_src_libc_string_strnlen.o)
 .debug_str     0x00019741     0x27b8 ../libbase/libbase.a(crc16.o)
 .debug_str     0x00019741     0x283f ../libbase/libbase.a(crc32.o)
 .debug_str     0x00019741     0x6c4c ../libbase/libbase.a(format.o)
 .debug_str     0x00019741     0x7c28 ../libbase/libbase.a(system.o)
 .debug_str     0x00019741     0x5f23 ../libbase/libbase.a(progress.o)
 .debug_str     0x00019741     0x92a0 ../libbase/libbase.a(memtest.o)
 .debug_str     0x00019741     0x7b69 ../libbase/libbase.a(uart.o)
 .debug_str     0x00019741     0x8661 ../libbase/libbase.a(isr.o)
 .debug_str     0x00019741     0x92c8 ../libfatfs/libfatfs.a(ff.o)
 .debug_str     0x00019741     0x536c ../libfatfs/libfatfs.a(ffunicode.o)
 .debug_str     0x00019741     0x9eed ../liblitespi/liblitespi.a(spiflash.o)
 .debug_str     0x00019741     0x9b26 ../liblitedram/liblitedram.a(sdram.o)
 .debug_str     0x00019741     0x9986 ../liblitedram/liblitedram.a(utils.o)
 .debug_str     0x00019741     0x4751 ../libc/libc.a(minimal__home_cristhianhendes_digital_2_Digital-2_calculadora_ws2812_build_colorlight_i5_software_include_.._picolibc_src_libc_stdlib_lldiv.o)
 .debug_str     0x00019741     0x5eb2 ../libcompiler_rt/libcompiler_rt.a(divdi3.o)
 .debug_str     0x00019741     0x5edf ../libcompiler_rt/libcompiler_rt.a(udivmoddi4.o)
 .debug_str     0x00019741     0x5e94 ../libcompiler_rt/libcompiler_rt.a(clzsi2.o)
 .debug_str     0x00019741     0x5e94 ../libcompiler_rt/libcompiler_rt.a(ctzsi2.o)
 .debug_str     0x00019741     0x5e9b ../libcompiler_rt/libcompiler_rt.a(udivdi3.o)
 .debug_str     0x00019741     0x5eb2 ../libcompiler_rt/libcompiler_rt.a(moddi3.o)

.debug_loclists
                0x00000000     0x682a
 .debug_loclists
                0x00000000      0x867 boot.o
 .debug_loclists
                0x00000867      0x396 helpers.o
 .debug_loclists
                0x00000bfd      0x1ff cmd_bios.o
 .debug_loclists
                0x00000dfc      0x5f0 cmd_mem.o
 .debug_loclists
                0x000013ec      0x131 cmd_boot.o
 .debug_loclists
                0x0000151d      0x1f7 cmd_spiflash.o
 .debug_loclists
                0x00001714       0xc3 cmd_litedram.o
 .debug_loclists
                0x000017d7      0x11a main.o
 .debug_loclists
                0x000018f1      0x20e complete.o
 .debug_loclists
                0x00001aff      0x411 readline.o
 .debug_loclists
                0x00001f10       0x6f ../libc/libc.a(minimal__home_cristhianhendes_digital_2_Digital-2_calculadora_ws2812_build_colorlight_i5_software_include_.._picolibc_src_libc_string_strncpy.o)
 .debug_loclists
                0x00001f7f       0xb1 ../libc/libc.a(minimal__home_cristhianhendes_digital_2_Digital-2_calculadora_ws2812_build_colorlight_i5_software_include_.._picolibc_src_libc_string_strncmp.o)
 .debug_loclists
                0x00002030       0x6b ../libc/libc.a(minimal__home_cristhianhendes_digital_2_Digital-2_calculadora_ws2812_build_colorlight_i5_software_include_.._picolibc_src_libc_stdio_fgetc.o)
 .debug_loclists
                0x0000209b       0x48 ../libc/libc.a(minimal__home_cristhianhendes_digital_2_Digital-2_calculadora_ws2812_build_colorlight_i5_software_include_.._picolibc_src_libc_stdio_fputc.o)
 .debug_loclists
                0x000020e3       0x64 ../libc/libc.a(minimal__home_cristhianhendes_digital_2_Digital-2_calculadora_ws2812_build_colorlight_i5_software_include_.._picolibc_src_libc_stdio_fputs.o)
 .debug_loclists
                0x00002147       0x2a ../libc/libc.a(minimal__home_cristhianhendes_digital_2_Digital-2_calculadora_ws2812_build_colorlight_i5_software_include_.._picolibc_src_libc_stdio_printf.o)
 .debug_loclists
                0x00002171       0x5e ../libc/libc.a(minimal__home_cristhianhendes_digital_2_Digital-2_calculadora_ws2812_build_colorlight_i5_software_include_.._picolibc_src_libc_stdio_puts.o)
 .debug_loclists
                0x000021cf      0x17c ../libc/libc.a(minimal__home_cristhianhendes_digital_2_Digital-2_calculadora_ws2812_build_colorlight_i5_software_include_.._picolibc_src_libc_stdio_strtoul.o)
 .debug_loclists
                0x0000234b       0x35 ../libc/libc.a(minimal__home_cristhianhendes_digital_2_Digital-2_calculadora_ws2812_build_colorlight_i5_software_include_.._picolibc_src_libc_machine_riscv_strlen.o)
 .debug_loclists
                0x00002380      0x4fc ../libc/libc.a(minimal__home_cristhianhendes_digital_2_Digital-2_calculadora_ws2812_build_colorlight_i5_software_include_.._picolibc_src_libc_stdio_vfiprintf.o)
 .debug_loclists
                0x0000287c       0x53 ../libc/libc.a(_libc_minimal.a)
 .debug_loclists
                0x000028cf       0xad ../libc/libc.a(minimal__home_cristhianhendes_digital_2_Digital-2_calculadora_ws2812_build_colorlight_i5_software_include_.._picolibc_src_libc_string_strnlen.o)
 .debug_loclists
                0x0000297c       0x7d ../libbase/libbase.a(crc16.o)
 .debug_loclists
                0x000029f9      0x184 ../libbase/libbase.a(crc32.o)
 .debug_loclists
                0x00002b7d       0x6b ../libbase/libbase.a(format.o)
 .debug_loclists
                0x00002be8      0x182 ../libbase/libbase.a(system.o)
 .debug_loclists
                0x00002d6a       0x6d ../libbase/libbase.a(progress.o)
 .debug_loclists
                0x00002dd7      0xc18 ../libbase/libbase.a(memtest.o)
 .debug_loclists
                0x000039ef      0x196 ../libbase/libbase.a(uart.o)
 .debug_loclists
                0x00003b85       0xc1 ../libbase/libbase.a(isr.o)
 .debug_loclists
                0x00003c46     0x16f0 ../libfatfs/libfatfs.a(ff.o)
 .debug_loclists
                0x00005336      0x237 ../libfatfs/libfatfs.a(ffunicode.o)
 .debug_loclists
                0x0000556d      0x473 ../liblitespi/liblitespi.a(spiflash.o)
 .debug_loclists
                0x000059e0      0x3e4 ../liblitedram/liblitedram.a(sdram.o)
 .debug_loclists
                0x00005dc4       0x86 ../liblitedram/liblitedram.a(utils.o)
 .debug_loclists
                0x00005e4a       0x42 ../libc/libc.a(minimal__home_cristhianhendes_digital_2_Digital-2_calculadora_ws2812_build_colorlight_i5_software_include_.._picolibc_src_libc_stdlib_lldiv.o)
 .debug_loclists
                0x00005e8c       0x5c ../libcompiler_rt/libcompiler_rt.a(divdi3.o)
 .debug_loclists
                0x00005ee8      0x26e ../libcompiler_rt/libcompiler_rt.a(udivmoddi4.o)
 .debug_loclists
                0x00006156      0x2e0 ../libcompiler_rt/libcompiler_rt.a(clzsi2.o)
 .debug_loclists
                0x00006436      0x35a ../libcompiler_rt/libcompiler_rt.a(ctzsi2.o)
 .debug_loclists
                0x00006790       0x40 ../libcompiler_rt/libcompiler_rt.a(udivdi3.o)
 .debug_loclists
                0x000067d0       0x5a ../libcompiler_rt/libcompiler_rt.a(moddi3.o)

.debug_rnglists
                0x00000000      0xd79
 .debug_rnglists
                0x00000000      0x1e8 boot.o
 .debug_rnglists
                0x000001e8       0x6a helpers.o
 .debug_rnglists
                0x00000252       0x2e cmd_bios.o
 .debug_rnglists
                0x00000280       0x3d cmd_mem.o
 .debug_rnglists
                0x000002bd       0x1a cmd_boot.o
 .debug_rnglists
                0x000002d7       0x22 cmd_spiflash.o
 .debug_rnglists
                0x000002f9       0x1a cmd_litedram.o
 .debug_rnglists
                0x00000313       0x42 main.o
 .debug_rnglists
                0x00000355       0x83 complete.o
 .debug_rnglists
                0x000003d8       0x8c readline.o
 .debug_rnglists
                0x00000464       0x13 ../libc/libc.a(minimal__home_cristhianhendes_digital_2_Digital-2_calculadora_ws2812_build_colorlight_i5_software_include_.._picolibc_src_libc_string_strncpy.o)
 .debug_rnglists
                0x00000477       0x13 ../libc/libc.a(minimal__home_cristhianhendes_digital_2_Digital-2_calculadora_ws2812_build_colorlight_i5_software_include_.._picolibc_src_libc_string_strncmp.o)
 .debug_rnglists
                0x0000048a       0x13 ../libc/libc.a(minimal__home_cristhianhendes_digital_2_Digital-2_calculadora_ws2812_build_colorlight_i5_software_include_.._picolibc_src_libc_stdio_fgetc.o)
 .debug_rnglists
                0x0000049d       0x13 ../libc/libc.a(minimal__home_cristhianhendes_digital_2_Digital-2_calculadora_ws2812_build_colorlight_i5_software_include_.._picolibc_src_libc_stdio_fputc.o)
 .debug_rnglists
                0x000004b0       0x13 ../libc/libc.a(minimal__home_cristhianhendes_digital_2_Digital-2_calculadora_ws2812_build_colorlight_i5_software_include_.._picolibc_src_libc_stdio_fputs.o)
 .debug_rnglists
                0x000004c3       0x13 ../libc/libc.a(minimal__home_cristhianhendes_digital_2_Digital-2_calculadora_ws2812_build_colorlight_i5_software_include_.._picolibc_src_libc_stdio_printf.o)
 .debug_rnglists
                0x000004d6       0x14 ../libc/libc.a(minimal__home_cristhianhendes_digital_2_Digital-2_calculadora_ws2812_build_colorlight_i5_software_include_.._picolibc_src_libc_stdio_puts.o)
 .debug_rnglists
                0x000004ea       0x2f ../libc/libc.a(minimal__home_cristhianhendes_digital_2_Digital-2_calculadora_ws2812_build_colorlight_i5_software_include_.._picolibc_src_libc_stdio_strtoul.o)
 .debug_rnglists
                0x00000519       0x13 ../libc/libc.a(minimal__home_cristhianhendes_digital_2_Digital-2_calculadora_ws2812_build_colorlight_i5_software_include_.._picolibc_src_libc_machine_riscv_strlen.o)
 .debug_rnglists
                0x0000052c       0x99 ../libc/libc.a(minimal__home_cristhianhendes_digital_2_Digital-2_calculadora_ws2812_build_colorlight_i5_software_include_.._picolibc_src_libc_stdio_vfiprintf.o)
 .debug_rnglists
                0x000005c5       0x19 ../libc/libc.a(_libc_minimal.a)
 .debug_rnglists
                0x000005de       0x13 ../libc/libc.a(minimal__home_cristhianhendes_digital_2_Digital-2_calculadora_ws2812_build_colorlight_i5_software_include_.._picolibc_src_libc_string_strnlen.o)
 .debug_rnglists
                0x000005f1       0x13 ../libbase/libbase.a(crc16.o)
 .debug_rnglists
                0x00000604       0x14 ../libbase/libbase.a(crc32.o)
 .debug_rnglists
                0x00000618       0x14 ../libbase/libbase.a(format.o)
 .debug_rnglists
                0x0000062c       0xb5 ../libbase/libbase.a(system.o)
 .debug_rnglists
                0x000006e1       0x29 ../libbase/libbase.a(progress.o)
 .debug_rnglists
                0x0000070a       0xf0 ../libbase/libbase.a(memtest.o)
 .debug_rnglists
                0x000007fa       0xbd ../libbase/libbase.a(uart.o)
 .debug_rnglists
                0x000008b7       0x60 ../libbase/libbase.a(isr.o)
 .debug_rnglists
                0x00000917      0x15e ../libfatfs/libfatfs.a(ff.o)
 .debug_rnglists
                0x00000a75       0x20 ../libfatfs/libfatfs.a(ffunicode.o)
 .debug_rnglists
                0x00000a95      0x128 ../liblitespi/liblitespi.a(spiflash.o)
 .debug_rnglists
                0x00000bbd      0x108 ../liblitedram/liblitedram.a(sdram.o)
 .debug_rnglists
                0x00000cc5       0x1f ../liblitedram/liblitedram.a(utils.o)
 .debug_rnglists
                0x00000ce4       0x14 ../libc/libc.a(minimal__home_cristhianhendes_digital_2_Digital-2_calculadora_ws2812_build_colorlight_i5_software_include_.._picolibc_src_libc_stdlib_lldiv.o)
 .debug_rnglists
                0x00000cf8       0x13 ../libcompiler_rt/libcompiler_rt.a(divdi3.o)
 .debug_rnglists
                0x00000d0b       0x20 ../libcompiler_rt/libcompiler_rt.a(udivmoddi4.o)
 .debug_rnglists
                0x00000d2b       0x14 ../libcompiler_rt/libcompiler_rt.a(clzsi2.o)
 .debug_rnglists
                0x00000d3f       0x13 ../libcompiler_rt/libcompiler_rt.a(ctzsi2.o)
 .debug_rnglists
                0x00000d52       0x13 ../libcompiler_rt/libcompiler_rt.a(udivdi3.o)
 .debug_rnglists
                0x00000d65       0x14 ../libcompiler_rt/libcompiler_rt.a(moddi3.o)

.debug_macro    0x00000000     0xad9f
 .debug_macro   0x00000000      0x268 boot.o
 .debug_macro   0x00000268      0x7ae boot.o
 .debug_macro   0x00000a16      0x220 boot.o
 .debug_macro   0x00000c36       0x9c boot.o
 .debug_macro   0x00000cd2       0x34 boot.o
 .debug_macro   0x00000d06       0x58 boot.o
 .debug_macro   0x00000d5e       0x5b boot.o
 .debug_macro   0x00000db9      0x253 boot.o
 .debug_macro   0x0000100c       0x10 boot.o
 .debug_macro   0x0000101c       0x9e boot.o
 .debug_macro   0x000010ba       0x10 boot.o
 .debug_macro   0x000010ca       0x58 boot.o
 .debug_macro   0x00001122       0x16 boot.o
 .debug_macro   0x00001138       0x20 boot.o
 .debug_macro   0x00001158       0x35 boot.o
 .debug_macro   0x0000118d      0x1f0 boot.o
 .debug_macro   0x0000137d       0x6a boot.o
 .debug_macro   0x000013e7      0x103 boot.o
 .debug_macro   0x000014ea      0x1df boot.o
 .debug_macro   0x000016c9       0x16 boot.o
 .debug_macro   0x000016df       0x9e boot.o
 .debug_macro   0x0000177d       0x16 boot.o
 .debug_macro   0x00001793       0x3a boot.o
 .debug_macro   0x000017cd       0x29 boot.o
 .debug_macro   0x000017f6       0x94 boot.o
 .debug_macro   0x0000188a       0x22 boot.o
 .debug_macro   0x000018ac       0xb8 boot.o
 .debug_macro   0x00001964       0x1c boot.o
 .debug_macro   0x00001980       0x16 boot.o
 .debug_macro   0x00001996       0x3c boot.o
 .debug_macro   0x000019d2       0x4a boot.o
 .debug_macro   0x00001a1c      0x53a boot.o
 .debug_macro   0x00001f56       0x46 boot.o
 .debug_macro   0x00001f9c       0x46 boot.o
 .debug_macro   0x00001fe2       0x10 boot.o
 .debug_macro   0x00001ff2       0x16 boot.o
 .debug_macro   0x00002008       0x16 boot.o
 .debug_macro   0x0000201e       0x22 boot.o
 .debug_macro   0x00002040       0x16 boot.o
 .debug_macro   0x00002056      0x106 boot.o
 .debug_macro   0x0000215c       0xee boot.o
 .debug_macro   0x0000224a      0x183 helpers.o
 .debug_macro   0x000023cd       0x20 helpers.o
 .debug_macro   0x000023ed       0xd6 helpers.o
 .debug_macro   0x000024c3       0x58 helpers.o
 .debug_macro   0x0000251b      0x17f cmd_bios.o
 .debug_macro   0x0000269a       0xb2 cmd_bios.o
 .debug_macro   0x0000274c       0x10 cmd_bios.o
 .debug_macro   0x0000275c      0x18c cmd_mem.o
 .debug_macro   0x000028e8       0x22 cmd_mem.o
 .debug_macro   0x0000290a      0x175 cmd_boot.o
 .debug_macro   0x00002a7f      0x197 cmd_spiflash.o
 .debug_macro   0x00002c16       0x16 cmd_spiflash.o
 .debug_macro   0x00002c2c      0x1fa cmd_litedram.o
 .debug_macro   0x00002e26      0x2be main.o
 .debug_macro   0x000030e4      0x184 main.o
 .debug_macro   0x00003268       0x16 main.o
 .debug_macro   0x0000327e      0x106 main.o
 .debug_macro   0x00003384       0xdc main.o
 .debug_macro   0x00003460       0x10 main.o
 .debug_macro   0x00003470       0xd0 main.o
 .debug_macro   0x00003540      0x137 complete.o
 .debug_macro   0x00003677      0x11c complete.o
 .debug_macro   0x00003793       0x16 complete.o
 .debug_macro   0x000037a9      0x13c readline.o
 .debug_macro   0x000038e5       0x34 readline.o
 .debug_macro   0x00003919      0x1d3 ../libc/libc.a(minimal__home_cristhianhendes_digital_2_Digital-2_calculadora_ws2812_build_colorlight_i5_software_include_.._picolibc_src_libc_string_strncpy.o)
 .debug_macro   0x00003aec      0x7c6 ../libc/libc.a(minimal__home_cristhianhendes_digital_2_Digital-2_calculadora_ws2812_build_colorlight_i5_software_include_.._picolibc_src_libc_string_strncpy.o)
 .debug_macro   0x000042b2       0xa2 ../libc/libc.a(minimal__home_cristhianhendes_digital_2_Digital-2_calculadora_ws2812_build_colorlight_i5_software_include_.._picolibc_src_libc_string_strncpy.o)
 .debug_macro   0x00004354       0x10 ../libc/libc.a(minimal__home_cristhianhendes_digital_2_Digital-2_calculadora_ws2812_build_colorlight_i5_software_include_.._picolibc_src_libc_string_strncpy.o)
 .debug_macro   0x00004364       0x10 ../libc/libc.a(minimal__home_cristhianhendes_digital_2_Digital-2_calculadora_ws2812_build_colorlight_i5_software_include_.._picolibc_src_libc_string_strncpy.o)
 .debug_macro   0x00004374       0x12 ../libc/libc.a(minimal__home_cristhianhendes_digital_2_Digital-2_calculadora_ws2812_build_colorlight_i5_software_include_.._picolibc_src_libc_string_strncpy.o)
 .debug_macro   0x00004386       0x16 ../libc/libc.a(minimal__home_cristhianhendes_digital_2_Digital-2_calculadora_ws2812_build_colorlight_i5_software_include_.._picolibc_src_libc_string_strncpy.o)
 .debug_macro   0x0000439c       0x22 ../libc/libc.a(minimal__home_cristhianhendes_digital_2_Digital-2_calculadora_ws2812_build_colorlight_i5_software_include_.._picolibc_src_libc_string_strncpy.o)
 .debug_macro   0x000043be       0xa5 ../libc/libc.a(minimal__home_cristhianhendes_digital_2_Digital-2_calculadora_ws2812_build_colorlight_i5_software_include_.._picolibc_src_libc_string_strncpy.o)
 .debug_macro   0x00004463       0x16 ../libc/libc.a(minimal__home_cristhianhendes_digital_2_Digital-2_calculadora_ws2812_build_colorlight_i5_software_include_.._picolibc_src_libc_string_strncpy.o)
 .debug_macro   0x00004479       0x10 ../libc/libc.a(minimal__home_cristhianhendes_digital_2_Digital-2_calculadora_ws2812_build_colorlight_i5_software_include_.._picolibc_src_libc_string_strncpy.o)
 .debug_macro   0x00004489       0x19 ../libc/libc.a(minimal__home_cristhianhendes_digital_2_Digital-2_calculadora_ws2812_build_colorlight_i5_software_include_.._picolibc_src_libc_string_strncpy.o)
 .debug_macro   0x000044a2       0x6a ../libc/libc.a(minimal__home_cristhianhendes_digital_2_Digital-2_calculadora_ws2812_build_colorlight_i5_software_include_.._picolibc_src_libc_string_strncpy.o)
 .debug_macro   0x0000450c      0x35e ../libc/libc.a(minimal__home_cristhianhendes_digital_2_Digital-2_calculadora_ws2812_build_colorlight_i5_software_include_.._picolibc_src_libc_string_strncpy.o)
 .debug_macro   0x0000486a       0x27 ../libc/libc.a(minimal__home_cristhianhendes_digital_2_Digital-2_calculadora_ws2812_build_colorlight_i5_software_include_.._picolibc_src_libc_string_strncpy.o)
 .debug_macro   0x00004891      0x19d ../libc/libc.a(minimal__home_cristhianhendes_digital_2_Digital-2_calculadora_ws2812_build_colorlight_i5_software_include_.._picolibc_src_libc_string_strncpy.o)
 .debug_macro   0x00004a2e       0x6a ../libc/libc.a(minimal__home_cristhianhendes_digital_2_Digital-2_calculadora_ws2812_build_colorlight_i5_software_include_.._picolibc_src_libc_string_strncpy.o)
 .debug_macro   0x00004a98       0x34 ../libc/libc.a(minimal__home_cristhianhendes_digital_2_Digital-2_calculadora_ws2812_build_colorlight_i5_software_include_.._picolibc_src_libc_string_strncpy.o)
 .debug_macro   0x00004acc      0x1cd ../libc/libc.a(minimal__home_cristhianhendes_digital_2_Digital-2_calculadora_ws2812_build_colorlight_i5_software_include_.._picolibc_src_libc_string_strncmp.o)
 .debug_macro   0x00004c99      0x24d ../libc/libc.a(minimal__home_cristhianhendes_digital_2_Digital-2_calculadora_ws2812_build_colorlight_i5_software_include_.._picolibc_src_libc_stdio_fgetc.o)
 .debug_macro   0x00004ee6       0x10 ../libc/libc.a(minimal__home_cristhianhendes_digital_2_Digital-2_calculadora_ws2812_build_colorlight_i5_software_include_.._picolibc_src_libc_stdio_fgetc.o)
 .debug_macro   0x00004ef6      0x11e ../libc/libc.a(minimal__home_cristhianhendes_digital_2_Digital-2_calculadora_ws2812_build_colorlight_i5_software_include_.._picolibc_src_libc_stdio_fgetc.o)
 .debug_macro   0x00005014       0x58 ../libc/libc.a(minimal__home_cristhianhendes_digital_2_Digital-2_calculadora_ws2812_build_colorlight_i5_software_include_.._picolibc_src_libc_stdio_fgetc.o)
 .debug_macro   0x0000506c       0x4a ../libc/libc.a(minimal__home_cristhianhendes_digital_2_Digital-2_calculadora_ws2812_build_colorlight_i5_software_include_.._picolibc_src_libc_stdio_fgetc.o)
 .debug_macro   0x000050b6       0x17 ../libc/libc.a(minimal__home_cristhianhendes_digital_2_Digital-2_calculadora_ws2812_build_colorlight_i5_software_include_.._picolibc_src_libc_stdio_fgetc.o)
 .debug_macro   0x000050cd      0x25c ../libc/libc.a(minimal__home_cristhianhendes_digital_2_Digital-2_calculadora_ws2812_build_colorlight_i5_software_include_.._picolibc_src_libc_stdio_fgetc.o)
 .debug_macro   0x00005329       0x1c ../libc/libc.a(minimal__home_cristhianhendes_digital_2_Digital-2_calculadora_ws2812_build_colorlight_i5_software_include_.._picolibc_src_libc_stdio_fgetc.o)
 .debug_macro   0x00005345      0x554 ../libc/libc.a(minimal__home_cristhianhendes_digital_2_Digital-2_calculadora_ws2812_build_colorlight_i5_software_include_.._picolibc_src_libc_stdio_fgetc.o)
 .debug_macro   0x00005899       0x43 ../libc/libc.a(minimal__home_cristhianhendes_digital_2_Digital-2_calculadora_ws2812_build_colorlight_i5_software_include_.._picolibc_src_libc_stdio_fgetc.o)
 .debug_macro   0x000058dc       0x34 ../libc/libc.a(minimal__home_cristhianhendes_digital_2_Digital-2_calculadora_ws2812_build_colorlight_i5_software_include_.._picolibc_src_libc_stdio_fgetc.o)
 .debug_macro   0x00005910      0x183 ../libc/libc.a(minimal__home_cristhianhendes_digital_2_Digital-2_calculadora_ws2812_build_colorlight_i5_software_include_.._picolibc_src_libc_stdio_fgetc.o)
 .debug_macro   0x00005a93      0x241 ../libc/libc.a(minimal__home_cristhianhendes_digital_2_Digital-2_calculadora_ws2812_build_colorlight_i5_software_include_.._picolibc_src_libc_stdio_fgetc.o)
 .debug_macro   0x00005cd4      0x196 ../libc/libc.a(minimal__home_cristhianhendes_digital_2_Digital-2_calculadora_ws2812_build_colorlight_i5_software_include_.._picolibc_src_libc_stdio_fgetc.o)
 .debug_macro   0x00005e6a      0x1b1 ../libc/libc.a(minimal__home_cristhianhendes_digital_2_Digital-2_calculadora_ws2812_build_colorlight_i5_software_include_.._picolibc_src_libc_stdio_fgetc.o)
 .debug_macro   0x0000601b       0x10 ../libc/libc.a(minimal__home_cristhianhendes_digital_2_Digital-2_calculadora_ws2812_build_colorlight_i5_software_include_.._picolibc_src_libc_stdio_fgetc.o)
 .debug_macro   0x0000602b       0x64 ../libc/libc.a(minimal__home_cristhianhendes_digital_2_Digital-2_calculadora_ws2812_build_colorlight_i5_software_include_.._picolibc_src_libc_stdio_fgetc.o)
 .debug_macro   0x0000608f       0x1c ../libc/libc.a(minimal__home_cristhianhendes_digital_2_Digital-2_calculadora_ws2812_build_colorlight_i5_software_include_.._picolibc_src_libc_stdio_fgetc.o)
 .debug_macro   0x000060ab       0x82 ../libc/libc.a(minimal__home_cristhianhendes_digital_2_Digital-2_calculadora_ws2812_build_colorlight_i5_software_include_.._picolibc_src_libc_stdio_fgetc.o)
 .debug_macro   0x0000612d       0xa2 ../libc/libc.a(minimal__home_cristhianhendes_digital_2_Digital-2_calculadora_ws2812_build_colorlight_i5_software_include_.._picolibc_src_libc_stdio_fgetc.o)
 .debug_macro   0x000061cf      0x2b0 ../libc/libc.a(minimal__home_cristhianhendes_digital_2_Digital-2_calculadora_ws2812_build_colorlight_i5_software_include_.._picolibc_src_libc_stdio_fgetc.o)
 .debug_macro   0x0000647f       0x12 ../libc/libc.a(minimal__home_cristhianhendes_digital_2_Digital-2_calculadora_ws2812_build_colorlight_i5_software_include_.._picolibc_src_libc_stdio_fgetc.o)
 .debug_macro   0x00006491       0x2e ../libc/libc.a(minimal__home_cristhianhendes_digital_2_Digital-2_calculadora_ws2812_build_colorlight_i5_software_include_.._picolibc_src_libc_stdio_fgetc.o)
 .debug_macro   0x000064bf       0xad ../libc/libc.a(minimal__home_cristhianhendes_digital_2_Digital-2_calculadora_ws2812_build_colorlight_i5_software_include_.._picolibc_src_libc_stdio_fgetc.o)